Archive member included to satisfy reference by file (symbol)

c:/program files (x86)/atmel/studio/7.0/toolchain/arm/arm-gnu-toolchain/bin/../lib/gcc/arm-none-eabi/6.3.1/thumb/v7e-m\libgcc.a(_arm_addsubdf3.o)
                              src/main.o (__aeabi_f2d)
c:/program files (x86)/atmel/studio/7.0/toolchain/arm/arm-gnu-toolchain/bin/../lib/gcc/arm-none-eabi/6.3.1/thumb/v7e-m\libgcc.a(_arm_muldivdf3.o)
                              src/main.o (__aeabi_dmul)
c:/program files (x86)/atmel/studio/7.0/toolchain/arm/arm-gnu-toolchain/bin/../lib/gcc/arm-none-eabi/6.3.1/thumb/v7e-m\libgcc.a(_arm_truncdfsf2.o)
                              src/main.o (__aeabi_d2f)
c:/program files (x86)/atmel/studio/7.0/toolchain/arm/arm-gnu-toolchain/bin/../lib/gcc/arm-none-eabi/6.3.1/../../../../arm-none-eabi/lib/thumb/v7e-m\libc.a(lib_a-exit.o)
                              c:/program files (x86)/atmel/studio/7.0/toolchain/arm/arm-gnu-toolchain/bin/../lib/gcc/arm-none-eabi/6.3.1/../../../../arm-none-eabi/lib/thumb/v7e-m/crt0.o (exit)
c:/program files (x86)/atmel/studio/7.0/toolchain/arm/arm-gnu-toolchain/bin/../lib/gcc/arm-none-eabi/6.3.1/../../../../arm-none-eabi/lib/thumb/v7e-m\libc.a(lib_a-impure.o)
                              c:/program files (x86)/atmel/studio/7.0/toolchain/arm/arm-gnu-toolchain/bin/../lib/gcc/arm-none-eabi/6.3.1/../../../../arm-none-eabi/lib/thumb/v7e-m\libc.a(lib_a-exit.o) (_global_impure_ptr)
c:/program files (x86)/atmel/studio/7.0/toolchain/arm/arm-gnu-toolchain/bin/../lib/gcc/arm-none-eabi/6.3.1/../../../../arm-none-eabi/lib/thumb/v7e-m\libc.a(lib_a-init.o)
                              c:/program files (x86)/atmel/studio/7.0/toolchain/arm/arm-gnu-toolchain/bin/../lib/gcc/arm-none-eabi/6.3.1/../../../../arm-none-eabi/lib/thumb/v7e-m/crt0.o (__libc_init_array)
c:/program files (x86)/atmel/studio/7.0/toolchain/arm/arm-gnu-toolchain/bin/../lib/gcc/arm-none-eabi/6.3.1/../../../../arm-none-eabi/lib/thumb/v7e-m\libc.a(lib_a-memset.o)
                              c:/program files (x86)/atmel/studio/7.0/toolchain/arm/arm-gnu-toolchain/bin/../lib/gcc/arm-none-eabi/6.3.1/../../../../arm-none-eabi/lib/thumb/v7e-m/crt0.o (memset)
c:/program files (x86)/atmel/studio/7.0/toolchain/arm/arm-gnu-toolchain/bin/../lib/gcc/arm-none-eabi/6.3.1/../../../../arm-none-eabi/lib/thumb/v7e-m\libc.a(lib_a-sprintf.o)
                              src/main.o (sprintf)
c:/program files (x86)/atmel/studio/7.0/toolchain/arm/arm-gnu-toolchain/bin/../lib/gcc/arm-none-eabi/6.3.1/../../../../arm-none-eabi/lib/thumb/v7e-m\libc.a(lib_a-svfprintf.o)
                              c:/program files (x86)/atmel/studio/7.0/toolchain/arm/arm-gnu-toolchain/bin/../lib/gcc/arm-none-eabi/6.3.1/../../../../arm-none-eabi/lib/thumb/v7e-m\libc.a(lib_a-sprintf.o) (_svfprintf_r)
c:/program files (x86)/atmel/studio/7.0/toolchain/arm/arm-gnu-toolchain/bin/../lib/gcc/arm-none-eabi/6.3.1/../../../../arm-none-eabi/lib/thumb/v7e-m\libc.a(lib_a-__call_atexit.o)
                              c:/program files (x86)/atmel/studio/7.0/toolchain/arm/arm-gnu-toolchain/bin/../lib/gcc/arm-none-eabi/6.3.1/../../../../arm-none-eabi/lib/thumb/v7e-m\libc.a(lib_a-exit.o) (__call_exitprocs)
c:/program files (x86)/atmel/studio/7.0/toolchain/arm/arm-gnu-toolchain/bin/../lib/gcc/arm-none-eabi/6.3.1/../../../../arm-none-eabi/lib/thumb/v7e-m\libc.a(lib_a-atexit.o)
                              c:/program files (x86)/atmel/studio/7.0/toolchain/arm/arm-gnu-toolchain/bin/../lib/gcc/arm-none-eabi/6.3.1/../../../../arm-none-eabi/lib/thumb/v7e-m\libc.a(lib_a-__call_atexit.o) (atexit)
c:/program files (x86)/atmel/studio/7.0/toolchain/arm/arm-gnu-toolchain/bin/../lib/gcc/arm-none-eabi/6.3.1/../../../../arm-none-eabi/lib/thumb/v7e-m\libc.a(lib_a-dtoa.o)
                              c:/program files (x86)/atmel/studio/7.0/toolchain/arm/arm-gnu-toolchain/bin/../lib/gcc/arm-none-eabi/6.3.1/../../../../arm-none-eabi/lib/thumb/v7e-m\libc.a(lib_a-svfprintf.o) (_dtoa_r)
c:/program files (x86)/atmel/studio/7.0/toolchain/arm/arm-gnu-toolchain/bin/../lib/gcc/arm-none-eabi/6.3.1/../../../../arm-none-eabi/lib/thumb/v7e-m\libc.a(lib_a-fini.o)
                              c:/program files (x86)/atmel/studio/7.0/toolchain/arm/arm-gnu-toolchain/bin/../lib/gcc/arm-none-eabi/6.3.1/../../../../arm-none-eabi/lib/thumb/v7e-m\libc.a(lib_a-__call_atexit.o) (__libc_fini_array)
c:/program files (x86)/atmel/studio/7.0/toolchain/arm/arm-gnu-toolchain/bin/../lib/gcc/arm-none-eabi/6.3.1/../../../../arm-none-eabi/lib/thumb/v7e-m\libc.a(lib_a-localeconv.o)
                              c:/program files (x86)/atmel/studio/7.0/toolchain/arm/arm-gnu-toolchain/bin/../lib/gcc/arm-none-eabi/6.3.1/../../../../arm-none-eabi/lib/thumb/v7e-m\libc.a(lib_a-svfprintf.o) (_localeconv_r)
c:/program files (x86)/atmel/studio/7.0/toolchain/arm/arm-gnu-toolchain/bin/../lib/gcc/arm-none-eabi/6.3.1/../../../../arm-none-eabi/lib/thumb/v7e-m\libc.a(lib_a-lock.o)
[...]
Memory Configuration

Name             Origin             Length             Attributes
rom              0x00400000         0x00200000         xr
ram              0x20400000         0x00060000         xrw
*default*        0x00000000         0xffffffff

Linker script and memory map

LOAD c:/program files (x86)/atmel/studio/7.0/toolchain/arm/arm-gnu-toolchain/bin/../lib/gcc/arm-none-eabi/6.3.1/thumb/v7e-m/crti.o
LOAD c:/program files (x86)/atmel/studio/7.0/toolchain/arm/arm-gnu-toolchain/bin/../lib/gcc/arm-none-eabi/6.3.1/thumb/v7e-m/crtbegin.o
LOAD c:/program files (x86)/atmel/studio/7.0/toolchain/arm/arm-gnu-toolchain/bin/../lib/gcc/arm-none-eabi/6.3.1/../../../../arm-none-eabi/lib/thumb/v7e-m/crt0.o
LOAD src/ASF/sam/drivers/rtc/rtc.o
LOAD src/ASF/sam/drivers/rtt/rtt.o
LOAD src/main.o
LOAD src/ASF/common/services/delay/sam/cycle_counter.o
LOAD src/ASF/common/services/spi/sam_spi/spi_master.o
LOAD src/ASF/sam/components/display/ili9488/ili9488.o
LOAD src/ASF/sam/drivers/spi/spi.o
LOAD src/ASF/common/services/clock/same70/sysclk.o
LOAD src/ASF/common/utils/interrupt/interrupt_sam_nvic.o
LOAD src/ASF/sam/boards/same70_xplained/init.o
LOAD src/ASF/sam/drivers/mpu/mpu.o
LOAD src/ASF/sam/drivers/pio/pio.o
LOAD src/ASF/sam/drivers/pio/pio_handler.o
LOAD src/ASF/sam/drivers/pmc/pmc.o
LOAD src/ASF/sam/drivers/pmc/sleep.o
LOAD src/ASF/sam/utils/cmsis/same70/source/templates/gcc/startup_same70.o
LOAD src/ASF/sam/utils/cmsis/same70/source/templates/system_same70.o
LOAD src/ASF/sam/utils/syscalls/gcc/syscalls.o
START GROUP
LOAD ../src/ASF/thirdparty/CMSIS/Lib/GCC\libarm_cortexM7lfsp_math_softfp.a
LOAD c:/program files (x86)/atmel/studio/7.0/toolchain/arm/arm-gnu-toolchain/bin/../lib/gcc/arm-none-eabi/6.3.1/../../../../arm-none-eabi/lib/thumb/v7e-m\libm.a
END GROUP
START GROUP
LOAD c:/program files (x86)/atmel/studio/7.0/toolchain/arm/arm-gnu-toolchain/bin/../lib/gcc/arm-none-eabi/6.3.1/thumb/v7e-m\libgcc.a
LOAD c:/program files (x86)/atmel/studio/7.0/toolchain/arm/arm-gnu-toolchain/bin/../lib/gcc/arm-none-eabi/6.3.1/../../../../arm-none-eabi/lib/thumb/v7e-m\libc.a
END GROUP
LOAD c:/program files (x86)/atmel/studio/7.0/toolchain/arm/arm-gnu-toolchain/bin/../lib/gcc/arm-none-eabi/6.3.1/thumb/v7e-m/crtend.o
LOAD c:/program files (x86)/atmel/studio/7.0/toolchain/arm/arm-gnu-toolchain/bin/../lib/gcc/arm-none-eabi/6.3.1/thumb/v7e-m/crtn.o
                0x00002000                STACK_SIZE = DEFINED (STACK_SIZE)?STACK_SIZE:0x2000
                0x2045fffc                __ram_end__ = ((ORIGIN (ram) + LENGTH (ram)) - 0x4)
                0x00000200                HEAP_SIZE = DEFINED (HEAP_SIZE)?HEAP_SIZE:0x200

.text           0x00400000    0x4f4b4
                0x00400000                . = ALIGN (0x4)
                0x00400000                _sfixed = .
 *(.vectors .vectors.*)
 .vectors       0x00400000      0x168 src/ASF/sam/utils/cmsis/same70/source/templates/gcc/startup_same70.o
                0x00400000                exception_table
 *(.text .text.* .gnu.linkonce.t.*)
 .text          0x00400168       0x6c c:/program files (x86)/atmel/studio/7.0/toolchain/arm/arm-gnu-toolchain/bin/../lib/gcc/arm-none-eabi/6.3.1/thumb/v7e-m/crtbegin.o
 .text.rtc_set_hour_mode
                0x004001d4       0x36 src/ASF/sam/drivers/rtc/rtc.o
                0x004001d4                rtc_set_hour_mode
 .text.rtc_enable_interrupt
                0x0040020a       0x1c src/ASF/sam/drivers/rtc/rtc.o
                0x0040020a                rtc_enable_interrupt
 .text.rtc_get_time
                0x00400226       0xc4 src/ASF/sam/drivers/rtc/rtc.o
                0x00400226                rtc_get_time
 *fill*         0x004002ea        0x2 
 .text.rtc_set_time
                0x004002ec      0x108 src/ASF/sam/drivers/rtc/rtc.o
                0x004002ec                rtc_set_time
 .text.rtc_set_date
                0x004003f4      0x13c src/ASF/sam/drivers/rtc/rtc.o
                0x004003f4                rtc_set_date
 .text.rtc_get_status
                0x00400530       0x18 src/ASF/sam/drivers/rtc/rtc.o
                0x00400530                rtc_get_status
 .text.rtc_clear_status
                0x00400548       0x1c src/ASF/sam/drivers/rtc/rtc.o
                0x00400548                rtc_clear_status
 .text.rtt_read_timer_value
                0x00400564       0x2e src/ASF/sam/drivers/rtt/rtt.o
                0x00400564                rtt_read_timer_value
 .text.rtt_get_status
                0x00400592       0x18 src/ASF/sam/drivers/rtt/rtt.o
                0x00400592                rtt_get_status
 *fill*         0x004005aa        0x2 
 .text.NVIC_EnableIRQ
                0x004005ac       0x34 src/main.o
 .text.NVIC_DisableIRQ
                0x004005e0       0x34 src/main.o
 .text.NVIC_ClearPendingIRQ
                0x00400614       0x34 src/main.o
 .text.NVIC_SetPriority
                0x00400648       0x54 src/main.o
 .text.RTC_Handler
                0x0040069c       0x88 src/main.o
                0x0040069c                RTC_Handler
 .text.RTT_Handler
                0x00400724       0x2c src/main.o
                0x00400724                RTT_Handler
 .text.RTC_init
                0x00400750       0x84 src/main.o
                0x00400750                RTC_init
 .text.configure_lcd
                0x004007d4       0x4c src/main.o
                0x004007d4                configure_lcd
 .text.font_draw_text
                0x00400820       0x88 src/main.o
                0x00400820                font_draw_text
 .text.main     0x004008a8      0x108 src/main.o
                0x004008a8                main
 .text.osc_get_rate
                0x004009b0       0x74 src/ASF/common/services/spi/sam_spi/spi_master.o
 .text.sysclk_get_main_hz
                0x00400a24       0x20 src/ASF/common/services/spi/sam_spi/spi_master.o
 .text.sysclk_get_peripheral_hz
                0x00400a44       0x14 src/ASF/common/services/spi/sam_spi/spi_master.o
 .text.spi_reset
                0x00400a58       0x1a src/ASF/common/services/spi/sam_spi/spi_master.o
 .text.spi_set_master_mode
                0x00400a72       0x20 src/ASF/common/services/spi/sam_spi/spi_master.o
 .text.spi_set_fixed_peripheral_select
                0x00400a92       0x20 src/ASF/common/services/spi/sam_spi/spi_master.o
 .text.spi_disable_peripheral_select_decode
                0x00400ab2       0x20 src/ASF/common/services/spi/sam_spi/spi_master.o
 .text.spi_get_peripheral_select_decode_setting
                0x00400ad2       0x26 src/ASF/common/services/spi/sam_spi/spi_master.o
 .text.spi_disable_mode_fault_detect
                0x00400af8       0x20 src/ASF/common/services/spi/sam_spi/spi_master.o
 .text.spi_disable_loopback
                0x00400b18       0x20 src/ASF/common/services/spi/sam_spi/spi_master.o
 .text.spi_put  0x00400b38       0x1e src/ASF/common/services/spi/sam_spi/spi_master.o
 .text.spi_get  0x00400b56       0x1a src/ASF/common/services/spi/sam_spi/spi_master.o
 .text.spi_is_tx_ready
                0x00400b70       0x26 src/ASF/common/services/spi/sam_spi/spi_master.o
 .text.spi_is_rx_ready
                0x00400b96       0x2c src/ASF/common/services/spi/sam_spi/spi_master.o
 *fill*         0x00400bc2        0x2 
 .text.spi_write_single
                0x00400bc4       0x24 src/ASF/common/services/spi/sam_spi/spi_master.o
 .text.spi_read_single
                0x00400be8       0x24 src/ASF/common/services/spi/sam_spi/spi_master.o
 .text.spi_master_init
                0x00400c0c       0x70 src/ASF/common/services/spi/sam_spi/spi_master.o
                0x00400c0c                spi_master_init
 .text.spi_master_setup_device
                0x00400c7c       0xb4 src/ASF/common/services/spi/sam_spi/spi_master.o
                0x00400c7c                spi_master_setup_device
 .text.spi_select_device
                0x00400d30       0x58 src/ASF/common/services/spi/sam_spi/spi_master.o
                0x00400d30                spi_select_device
 .text.spi_write_packet
                0x00400d88       0x74 src/ASF/common/services/spi/sam_spi/spi_master.o
                0x00400d88                spi_write_packet
 .text.spi_read_packet
                0x00400dfc       0xac src/ASF/common/services/spi/sam_spi/spi_master.o
                0x00400dfc                spi_read_packet
 .text.spi_enable
                0x00400ea8       0x1a src/ASF/sam/components/display/ili9488/ili9488.o
 .text.spi_enable_interrupt
                0x00400ec2       0x1c src/ASF/sam/components/display/ili9488/ili9488.o
 *fill*         0x00400ede        0x2 
 .text.ili9488_write_ram_prepare
                0x00400ee0       0x40 src/ASF/sam/components/display/ili9488/ili9488.o
 .text.ili9488_write_ram_buffer
                0x00400f20       0x40 src/ASF/sam/components/display/ili9488/ili9488.o
 .text.ili9488_write_register
                0x00400f60       0x78 src/ASF/sam/components/display/ili9488/ili9488.o
 .text.ili9488_read_chipid
                0x00400fd8       0xcc src/ASF/sam/components/display/ili9488/ili9488.o
 .text.ili9488_delay
                0x004010a4       0x40 src/ASF/sam/components/display/ili9488/ili9488.o
                0x004010a4                ili9488_delay
 .text.ili9488_check_box_coordinates
                0x004010e4       0xa2 src/ASF/sam/components/display/ili9488/ili9488.o
 *fill*         0x00401186        0x2 
 .text.ili9488_set_display_direction
                0x00401188       0x34 src/ASF/sam/components/display/ili9488/ili9488.o
                0x00401188                ili9488_set_display_direction
 .text.ili9488_set_window
                0x004011bc       0xc8 src/ASF/sam/components/display/ili9488/ili9488.o
                0x004011bc                ili9488_set_window
 .text.ili9488_init
                0x00401284      0x15c src/ASF/sam/components/display/ili9488/ili9488.o
                0x00401284                ili9488_init
 .text.ili9488_display_on
                0x004013e0       0x18 src/ASF/sam/components/display/ili9488/ili9488.o
                0x004013e0                ili9488_display_on
 .text.ili9488_set_foreground_color
                0x004013f8       0x54 src/ASF/sam/components/display/ili9488/ili9488.o
                0x004013f8                ili9488_set_foreground_color
 .text.ili9488_set_cursor_position
                0x0040144c       0x84 src/ASF/sam/components/display/ili9488/ili9488.o
                0x0040144c                ili9488_set_cursor_position
 .text.ili9488_draw_filled_rectangle
                0x004014d0       0xdc src/ASF/sam/components/display/ili9488/ili9488.o
                0x004014d0                ili9488_draw_filled_rectangle
 .text.ili9488_draw_pixmap
                0x004015ac       0xb4 src/ASF/sam/components/display/ili9488/ili9488.o
                0x004015ac                ili9488_draw_pixmap
 .text.spi_get_peripheral_select_mode
                0x00401660       0x26 src/ASF/sam/drivers/spi/spi.o
 *fill*         0x00401686        0x2 
 .text.sysclk_enable_peripheral_clock
                0x00401688       0x1c src/ASF/sam/drivers/spi/spi.o
 .text.spi_enable_clock
                0x004016a4       0x3c src/ASF/sam/drivers/spi/spi.o
                0x004016a4                spi_enable_clock
 .text.spi_set_peripheral_chip_select_value
                0x004016e0       0x34 src/ASF/sam/drivers/spi/spi.o
                0x004016e0                spi_set_peripheral_chip_select_value
 .text.spi_set_delay_between_chip_select
                0x00401714       0x30 src/ASF/sam/drivers/spi/spi.o
                0x00401714                spi_set_delay_between_chip_select
 .text.spi_write
                0x00401744       0x80 src/ASF/sam/drivers/spi/spi.o
                0x00401744                spi_write
 .text.spi_set_clock_polarity
                0x004017c4       0x50 src/ASF/sam/drivers/spi/spi.o
                0x004017c4                spi_set_clock_polarity
 .text.spi_set_clock_phase
                0x00401814       0x50 src/ASF/sam/drivers/spi/spi.o
                0x00401814                spi_set_clock_phase
 .text.spi_configure_cs_behavior
                0x00401864       0xa6 src/ASF/sam/drivers/spi/spi.o
                0x00401864                spi_configure_cs_behavior
 .text.spi_set_bits_per_transfer
                0x0040190a       0x4a src/ASF/sam/drivers/spi/spi.o
                0x0040190a                spi_set_bits_per_transfer
 .text.spi_calc_baudrate_div
                0x00401954       0x3c src/ASF/sam/drivers/spi/spi.o
                0x00401954                spi_calc_baudrate_div
 .text.spi_set_baudrate_div
                0x00401990       0x5e src/ASF/sam/drivers/spi/spi.o
                0x00401990                spi_set_baudrate_div
 .text.spi_set_transfer_delay
                0x004019ee       0x5e src/ASF/sam/drivers/spi/spi.o
                0x004019ee                spi_set_transfer_delay
 .text.osc_enable
                0x00401a4c       0x88 src/ASF/common/services/clock/same70/sysclk.o
 .text.osc_is_ready
                0x00401ad4       0x70 src/ASF/common/services/clock/same70/sysclk.o
 .text.osc_get_rate
                0x00401b44       0x74 src/ASF/common/services/clock/same70/sysclk.o
 .text.osc_wait_ready
                0x00401bb8       0x2c src/ASF/common/services/clock/same70/sysclk.o
 .text.pll_config_init
                0x00401be4       0x6c src/ASF/common/services/clock/same70/sysclk.o
 .text.pll_enable
                0x00401c50       0x40 src/ASF/common/services/clock/same70/sysclk.o
 .text.pll_is_locked
                0x00401c90       0x2c src/ASF/common/services/clock/same70/sysclk.o
 .text.pll_enable_source
                0x00401cbc       0x38 src/ASF/common/services/clock/same70/sysclk.o
 .text.pll_wait_for_lock
                0x00401cf4       0x24 src/ASF/common/services/clock/same70/sysclk.o
 .text.sysclk_get_main_hz
                0x00401d18       0x20 src/ASF/common/services/clock/same70/sysclk.o
 .text.sysclk_get_cpu_hz
                0x00401d38       0x14 src/ASF/common/services/clock/same70/sysclk.o
 .text.sysclk_init
                0x00401d4c       0x7c src/ASF/common/services/clock/same70/sysclk.o
                0x00401d4c                sysclk_init
 .text.SCB_EnableICache
                0x00401dc8       0x38 src/ASF/sam/boards/same70_xplained/init.o
 .text.SCB_EnableDCache
                0x00401e00       0xa4 src/ASF/sam/boards/same70_xplained/init.o
 .text.sysclk_enable_peripheral_clock
                0x00401ea4       0x1c src/ASF/sam/boards/same70_xplained/init.o
 .text.ioport_init
                0x00401ec0       0x2c src/ASF/sam/boards/same70_xplained/init.o
 .text.ioport_set_pin_mode
                0x00401eec      0x11c src/ASF/sam/boards/same70_xplained/init.o
 .text.ioport_set_pin_dir
                0x00402008       0x88 src/ASF/sam/boards/same70_xplained/init.o
 .text.ioport_set_pin_level
                0x00402090       0x6c src/ASF/sam/boards/same70_xplained/init.o
 .text.ioport_set_pin_sense_mode
                0x004020fc       0xd0 src/ASF/sam/boards/same70_xplained/init.o
 .text.tcm_disable
                0x004021cc       0x44 src/ASF/sam/boards/same70_xplained/init.o
 .text.board_init
                0x00402210      0x188 src/ASF/sam/boards/same70_xplained/init.o
                0x00402210                board_init
 .text.pio_pull_up
                0x00402398       0x2c src/ASF/sam/drivers/pio/pio.o
                0x00402398                pio_pull_up
 .text.pio_set  0x004023c4       0x1c src/ASF/sam/drivers/pio/pio.o
                0x004023c4                pio_set
 .text.pio_set_peripheral
                0x004023e0      0x110 src/ASF/sam/drivers/pio/pio.o
                0x004023e0                pio_set_peripheral
 .text.pio_set_input
                0x004024f0       0x80 src/ASF/sam/drivers/pio/pio.o
                0x004024f0                pio_set_input
 .text.pio_set_output
                0x00402570       0x64 src/ASF/sam/drivers/pio/pio.o
                0x00402570                pio_set_output
 .text.pio_configure
                0x004025d4       0xcc src/ASF/sam/drivers/pio/pio.o
                0x004025d4                pio_configure
 .text.pio_disable_interrupt
                0x004026a0       0x1c src/ASF/sam/drivers/pio/pio.o
                0x004026a0                pio_disable_interrupt
 .text.pio_get_interrupt_status
                0x004026bc       0x18 src/ASF/sam/drivers/pio/pio.o
                0x004026bc                pio_get_interrupt_status
 .text.pio_get_interrupt_mask
                0x004026d4       0x18 src/ASF/sam/drivers/pio/pio.o
                0x004026d4                pio_get_interrupt_mask
 .text.pio_set_pin_high
                0x004026ec       0x30 src/ASF/sam/drivers/pio/pio.o
                0x004026ec                pio_set_pin_high
 .text.pio_set_pin_low
                0x0040271c       0x30 src/ASF/sam/drivers/pio/pio.o
                0x0040271c                pio_set_pin_low
 .text.pio_configure_pin
                0x0040274c      0x1b0 src/ASF/sam/drivers/pio/pio.o
                0x0040274c                pio_configure_pin
 .text.pio_get_pin_group
                0x004028fc       0x28 src/ASF/sam/drivers/pio/pio.o
                0x004028fc                pio_get_pin_group
 .text.pio_handler_process
                0x00402924       0xb4 src/ASF/sam/drivers/pio/pio_handler.o
                0x00402924                pio_handler_process
 .text.PIOA_Handler
                0x004029d8       0x18 src/ASF/sam/drivers/pio/pio_handler.o
                0x004029d8                PIOA_Handler
 .text.PIOB_Handler
                0x004029f0       0x18 src/ASF/sam/drivers/pio/pio_handler.o
                0x004029f0                PIOB_Handler
 .text.PIOC_Handler
                0x00402a08       0x18 src/ASF/sam/drivers/pio/pio_handler.o
                0x00402a08                PIOC_Handler
 .text.PIOD_Handler
                0x00402a20       0x18 src/ASF/sam/drivers/pio/pio_handler.o
                0x00402a20                PIOD_Handler
 .text.PIOE_Handler
                0x00402a38       0x18 src/ASF/sam/drivers/pio/pio_handler.o
                0x00402a38                PIOE_Handler
 .text.pmc_mck_set_division
                0x00402a50       0x7c src/ASF/sam/drivers/pmc/pmc.o
                0x00402a50                pmc_mck_set_division
 .text.pmc_switch_mck_to_pllack
                0x00402acc       0x84 src/ASF/sam/drivers/pmc/pmc.o
                0x00402acc                pmc_switch_mck_to_pllack
 .text.pmc_switch_sclk_to_32kxtal
                0x00402b50       0x38 src/ASF/sam/drivers/pmc/pmc.o
                0x00402b50                pmc_switch_sclk_to_32kxtal
 .text.pmc_osc_is_ready_32kxtal
                0x00402b88       0x34 src/ASF/sam/drivers/pmc/pmc.o
                0x00402b88                pmc_osc_is_ready_32kxtal
 .text.pmc_switch_mainck_to_fastrc
                0x00402bbc       0x70 src/ASF/sam/drivers/pmc/pmc.o
                0x00402bbc                pmc_switch_mainck_to_fastrc
 .text.pmc_switch_mainck_to_xtal
                0x00402c2c       0x78 src/ASF/sam/drivers/pmc/pmc.o
                0x00402c2c                pmc_switch_mainck_to_xtal
 .text.pmc_osc_is_ready_mainck
                0x00402ca4       0x1c src/ASF/sam/drivers/pmc/pmc.o
                0x00402ca4                pmc_osc_is_ready_mainck
 .text.pmc_disable_pllack
                0x00402cc0       0x1c src/ASF/sam/drivers/pmc/pmc.o
                0x00402cc0                pmc_disable_pllack
 .text.pmc_is_locked_pllack
                0x00402cdc       0x1c src/ASF/sam/drivers/pmc/pmc.o
                0x00402cdc                pmc_is_locked_pllack
 .text.pmc_is_locked_upll
                0x00402cf8       0x1c src/ASF/sam/drivers/pmc/pmc.o
                0x00402cf8                pmc_is_locked_upll
 .text.pmc_enable_periph_clk
                0x00402d14       0x3c src/ASF/sam/drivers/pmc/pmc.o
                0x00402d14                pmc_enable_periph_clk
 .text.cpu_irq_save
                0x00402d50       0x38 src/ASF/sam/utils/cmsis/same70/source/templates/gcc/startup_same70.o
 .text.cpu_irq_is_enabled_flags
                0x00402d88       0x20 src/ASF/sam/utils/cmsis/same70/source/templates/gcc/startup_same70.o
 .text.cpu_irq_restore
                0x00402da8       0x30 src/ASF/sam/utils/cmsis/same70/source/templates/gcc/startup_same70.o
 .text.Reset_Handler
                0x00402dd8       0xb0 src/ASF/sam/utils/cmsis/same70/source/templates/gcc/startup_same70.o
                0x00402dd8                Reset_Handler
 .text.Dummy_Handler
                0x00402e88        0x6 src/ASF/sam/utils/cmsis/same70/source/templates/gcc/startup_same70.o
                0x00402e88                DACC_Handler
                0x00402e88                DebugMon_Handler
                0x00402e88                UART3_Handler
                0x00402e88                UART2_Handler
                0x00402e88                TRNG_Handler
                0x00402e88                HardFault_Handler
                0x00402e88                TC2_Handler
                0x00402e88                SysTick_Handler
                0x00402e88                AFEC1_Handler
                0x00402e88                PendSV_Handler
                0x00402e88                NMI_Handler
                0x00402e88                TC7_Handler
                0x00402e88                QSPI_Handler
                0x00402e88                ISI_Handler
                0x00402e88                MCAN0_INT0_Handler
                0x00402e88                TC9_Handler
                0x00402e88                RSWDT_Handler
                0x00402e88                USART0_Handler
                0x00402e88                USBHS_Handler
                0x00402e88                IXC_Handler
                0x00402e88                CCF_Handler
                0x00402e88                UsageFault_Handler
                0x00402e88                TC6_Handler
                0x00402e88                WDT_Handler
                0x00402e88                MCAN1_INT1_Handler
                0x00402e88                TC4_Handler
                0x00402e88                TC1_Handler
                0x00402e88                HSMCI_Handler
                0x00402e88                UART1_Handler
                0x00402e88                TC3_Handler
                0x00402e88                Dummy_Handler
                0x00402e88                TWIHS1_Handler
                0x00402e88                XDMAC_Handler
                0x00402e88                UART4_Handler
                0x00402e88                PWM1_Handler
                0x00402e88                USART1_Handler
                0x00402e88                PWM0_Handler
                0x00402e88                AFEC0_Handler
                0x00402e88                CCW_Handler
                0x00402e88                TC11_Handler
                0x00402e88                SSC_Handler
                0x00402e88                ACC_Handler
                0x00402e88                PMC_Handler
                0x00402e88                GMAC_Handler
                0x00402e88                MCAN0_INT1_Handler
                0x00402e88                GMAC_Q5_Handler
                0x00402e88                MemManage_Handler
                0x00402e88                SUPC_Handler
                0x00402e88                SVC_Handler
                0x00402e88                TC8_Handler
                0x00402e88                MCAN1_INT0_Handler
                0x00402e88                EFC_Handler
                0x00402e88                GMAC_Q1_Handler
                0x00402e88                USART2_Handler
                0x00402e88                SDRAMC_Handler
                0x00402e88                GMAC_Q2_Handler
                0x00402e88                SPI1_Handler
                0x00402e88                TC10_Handler
                0x00402e88                GMAC_Q3_Handler
                0x00402e88                TWIHS2_Handler
                0x00402e88                I2SC0_Handler
                0x00402e88                UART0_Handler
                0x00402e88                I2SC1_Handler
                0x00402e88                GMAC_Q4_Handler
                0x00402e88                FPU_Handler
                0x00402e88                BusFault_Handler
                0x00402e88                RSTC_Handler
                0x00402e88                TC0_Handler
                0x00402e88                TC5_Handler
                0x00402e88                AES_Handler
                0x00402e88                ICM_Handler
                0x00402e88                TWIHS0_Handler
                0x00402e88                SPI0_Handler
 *fill*         0x00402e8e        0x2 
 .text.SystemCoreClockUpdate
                0x00402e90      0x168 src/ASF/sam/utils/cmsis/same70/source/templates/system_same70.o
                0x00402e90                SystemCoreClockUpdate
 .text.system_init_flash
                0x00402ff8       0xb0 src/ASF/sam/utils/cmsis/same70/source/templates/system_same70.o
                0x00402ff8                system_init_flash
 .text._sbrk    0x004030a8       0x58 src/ASF/sam/utils/syscalls/gcc/syscalls.o
                0x004030a8                _sbrk
 .text          0x00403100      0x370 c:/program files (x86)/atmel/studio/7.0/toolchain/arm/arm-gnu-toolchain/bin/../lib/gcc/arm-none-eabi/6.3.1/thumb/v7e-m\libgcc.a(_arm_addsubdf3.o)
                0x00403100                __aeabi_drsub
                0x00403108                __aeabi_dsub
                0x00403108                __subdf3
                0x0040310c                __aeabi_dadd
                0x0040310c                __adddf3
                0x00403384                __floatunsidf
                0x00403384                __aeabi_ui2d
                0x004033a4                __floatsidf
                0x004033a4                __aeabi_i2d
                0x004033c8                __aeabi_f2d
                0x004033c8                __extendsfdf2
                0x00403404                __floatundidf
                0x00403404                __aeabi_ul2d
                0x00403414                __floatdidf
                0x00403414                __aeabi_l2d
 .text          0x00403470      0x424 c:/program files (x86)/atmel/studio/7.0/toolchain/arm/arm-gnu-toolchain/bin/../lib/gcc/arm-none-eabi/6.3.1/thumb/v7e-m\libgcc.a(_arm_muldivdf3.o)
                0x00403470                __aeabi_dmul
                0x00403470                __muldf3
                0x004036c4                __divdf3
                0x004036c4                __aeabi_ddiv
 .text          0x00403894       0xa0 c:/program files (x86)/atmel/studio/7.0/toolchain/arm/arm-gnu-toolchain/bin/../lib/gcc/arm-none-eabi/6.3.1/thumb/v7e-m\libgcc.a(_arm_truncdfsf2.o)
                0x00403894                __truncdfsf2
                0x00403894                __aeabi_d2f
 .text.__libc_init_array
                0x00403934       0x50 c:/program files (x86)/atmel/studio/7.0/toolchain/arm/arm-gnu-toolchain/bin/../lib/gcc/arm-none-eabi/6.3.1/../../../../arm-none-eabi/lib/thumb/v7e-m\libc.a(lib_a-init.o)
                0x00403934                __libc_init_array
 .text.memset   0x00403984       0x9c c:/program files (x86)/atmel/studio/7.0/toolchain/arm/arm-gnu-toolchain/bin/../lib/gcc/arm-none-eabi/6.3.1/../../../../arm-none-eabi/lib/thumb/v7e-m\libc.a(lib_a-memset.o)
                0x00403984                memset
 .text.sprintf  0x00403a20       0x4c c:/program files (x86)/atmel/studio/7.0/toolchain/arm/arm-gnu-toolchain/bin/../lib/gcc/arm-none-eabi/6.3.1/../../../../arm-none-eabi/lib/thumb/v7e-m\libc.a(lib_a-sprintf.o)
                0x00403a20                sprintf
 .text._svfprintf_r
                0x00403a6c     0x145c c:/program files (x86)/atmel/studio/7.0/toolchain/arm/arm-gnu-toolchain/bin/../lib/gcc/arm-none-eabi/6.3.1/../../../../arm-none-eabi/lib/thumb/v7e-m\libc.a(lib_a-svfprintf.o)
                0x00403a6c                _svfprintf_r
 .text.startup.register_fini
                0x00404ec8       0x14 c:/program files (x86)/atmel/studio/7.0/toolchain/arm/arm-gnu-toolchain/bin/../lib/gcc/arm-none-eabi/6.3.1/../../../../arm-none-eabi/lib/thumb/v7e-m\libc.a(lib_a-__call_atexit.o)
 .text.atexit   0x00404edc        0xc c:/program files (x86)/atmel/studio/7.0/toolchain/arm/arm-gnu-toolchain/bin/../lib/gcc/arm-none-eabi/6.3.1/../../../../arm-none-eabi/lib/thumb/v7e-m\libc.a(lib_a-atexit.o)
                0x00404edc                atexit
 .text.quorem   0x00404ee8      0x128 c:/program files (x86)/atmel/studio/7.0/toolchain/arm/arm-gnu-toolchain/bin/../lib/gcc/arm-none-eabi/6.3.1/../../../../arm-none-eabi/lib/thumb/v7e-m\libc.a(lib_a-dtoa.o)
 .text._dtoa_r  0x00405010      0xe54 c:/program files (x86)/atmel/studio/7.0/toolchain/arm/arm-gnu-toolchain/bin/../lib/gcc/arm-none-eabi/6.3.1/../../../../arm-none-eabi/lib/thumb/v7e-m\libc.a(lib_a-dtoa.o)
                0x00405010                _dtoa_r
 .text.__libc_fini_array
                0x00405e64       0x34 c:/program files (x86)/atmel/studio/7.0/toolchain/arm/arm-gnu-toolchain/bin/../lib/gcc/arm-none-eabi/6.3.1/../../../../arm-none-eabi/lib/thumb/v7e-m\libc.a(lib_a-fini.o)
                0x00405e64                __libc_fini_array
 .text._localeconv_r
                0x00405e98       0x1c c:/program files (x86)/atmel/studio/7.0/toolchain/arm/arm-gnu-toolchain/bin/../lib/gcc/arm-none-eabi/6.3.1/../../../../arm-none-eabi/lib/thumb/v7e-m\libc.a(lib_a-localeconv.o)
                0x00405e98                _localeconv_r
 .text.__retarget_lock_acquire_recursive
                0x00405eb4        0x4 c:/program files (x86)/atmel/studio/7.0/toolchain/arm/arm-gnu-toolchain/bin/../lib/gcc/arm-none-eabi/6.3.1/../../../../arm-none-eabi/lib/thumb/v7e-m\libc.a(lib_a-lock.o)
                0x00405eb4                __retarget_lock_acquire_recursive
 .text.__retarget_lock_release_recursive
                0x00405eb8        0x4 c:/program files (x86)/atmel/studio/7.0/toolchain/arm/arm-gnu-toolchain/bin/../lib/gcc/arm-none-eabi/6.3.1/../../../../arm-none-eabi/lib/thumb/v7e-m\libc.a(lib_a-lock.o)
                0x00405eb8                __retarget_lock_release_recursive
 .text._malloc_r
                0x00405ebc      0x560 c:/program files (x86)/atmel/studio/7.0/toolchain/arm/arm-gnu-toolchain/bin/../lib/gcc/arm-none-eabi/6.3.1/../../../../arm-none-eabi/lib/thumb/v7e-m\libc.a(lib_a-mallocr.o)
                0x00405ebc                _malloc_r
 *fill*         0x0040641c        0x4 
 .text          0x00406420       0xa0 c:/program files (x86)/atmel/studio/7.0/toolchain/arm/arm-gnu-toolchain/bin/../lib/gcc/arm-none-eabi/6.3.1/../../../../arm-none-eabi/lib/thumb/v7e-m\libc.a(lib_a-memchr.o)
                0x00406420                memchr
 .text          0x004064c0      0x134 c:/program files (x86)/atmel/studio/7.0/toolchain/arm/arm-gnu-toolchain/bin/../lib/gcc/arm-none-eabi/6.3.1/../../../../arm-none-eabi/lib/thumb/v7e-m\libc.a(lib_a-memcpy.o)
                0x004064c0                memcpy
 .text.__malloc_lock
                0x004065f4        0xc c:/program files (x86)/atmel/studio/7.0/toolchain/arm/arm-gnu-toolchain/bin/../lib/gcc/arm-none-eabi/6.3.1/../../../../arm-none-eabi/lib/thumb/v7e-m\libc.a(lib_a-mlock.o)
                0x004065f4                __malloc_lock
 .text.__malloc_unlock
                0x00406600        0xc c:/program files (x86)/atmel/studio/7.0/toolchain/arm/arm-gnu-toolchain/bin/../lib/gcc/arm-none-eabi/6.3.1/../../../../arm-none-eabi/lib/thumb/v7e-m\libc.a(lib_a-mlock.o)
                0x00406600                __malloc_unlock
 .text._Balloc  0x0040660c       0x4c c:/program files (x86)/atmel/studio/7.0/toolchain/arm/arm-gnu-toolchain/bin/../lib/gcc/arm-none-eabi/6.3.1/../../../../arm-none-eabi/lib/thumb/v7e-m\libc.a(lib_a-mprec.o)
                0x0040660c                _Balloc
 .text._Bfree   0x00406658       0x14 c:/program files (x86)/atmel/studio/7.0/toolchain/arm/arm-gnu-toolchain/bin/../lib/gcc/arm-none-eabi/6.3.1/../../../../arm-none-eabi/lib/thumb/v7e-m\libc.a(lib_a-mprec.o)
                0x00406658                _Bfree
 .text.__multadd
                0x0040666c       0x80 c:/program files (x86)/atmel/studio/7.0/toolchain/arm/arm-gnu-toolchain/bin/../lib/gcc/arm-none-eabi/6.3.1/../../../../arm-none-eabi/lib/thumb/v7e-m\libc.a(lib_a-mprec.o)
                0x0040666c                __multadd
 .text.__hi0bits
                0x004066ec       0x40 c:/program files (x86)/atmel/studio/7.0/toolchain/arm/arm-gnu-toolchain/bin/../lib/gcc/arm-none-eabi/6.3.1/../../../../arm-none-eabi/lib/thumb/v7e-m\libc.a(lib_a-mprec.o)
                0x004066ec                __hi0bits
 .text.__lo0bits
                0x0040672c       0x60 c:/program files (x86)/atmel/studio/7.0/toolchain/arm/arm-gnu-toolchain/bin/../lib/gcc/arm-none-eabi/6.3.1/../../../../arm-none-eabi/lib/thumb/v7e-m\libc.a(lib_a-mprec.o)
                0x0040672c                __lo0bits
 .text.__i2b    0x0040678c       0x14 c:/program files (x86)/atmel/studio/7.0/toolchain/arm/arm-gnu-toolchain/bin/../lib/gcc/arm-none-eabi/6.3.1/../../../../arm-none-eabi/lib/thumb/v7e-m\libc.a(lib_a-mprec.o)
                0x0040678c                __i2b
 .text.__multiply
                0x004067a0      0x124 c:/program files (x86)/atmel/studio/7.0/toolchain/arm/arm-gnu-toolchain/bin/../lib/gcc/arm-none-eabi/6.3.1/../../../../arm-none-eabi/lib/thumb/v7e-m\libc.a(lib_a-mprec.o)
                0x004067a0                __multiply
 .text.__pow5mult
                0x004068c4       0xa0 c:/program files (x86)/atmel/studio/7.0/toolchain/arm/arm-gnu-toolchain/bin/../lib/gcc/arm-none-eabi/6.3.1/../../../../arm-none-eabi/lib/thumb/v7e-m\libc.a(lib_a-mprec.o)
                0x004068c4                __pow5mult
 .text.__lshift
                0x00406964       0xa4 c:/program files (x86)/atmel/studio/7.0/toolchain/arm/arm-gnu-toolchain/bin/../lib/gcc/arm-none-eabi/6.3.1/../../../../arm-none-eabi/lib/thumb/v7e-m\libc.a(lib_a-mprec.o)
                0x00406964                __lshift
 .text.__mcmp   0x00406a08       0x38 c:/program files (x86)/atmel/studio/7.0/toolchain/arm/arm-gnu-toolchain/bin/../lib/gcc/arm-none-eabi/6.3.1/../../../../arm-none-eabi/lib/thumb/v7e-m\libc.a(lib_a-mprec.o)
                0x00406a08                __mcmp
 .text.__mdiff  0x00406a40      0x108 c:/program files (x86)/atmel/studio/7.0/toolchain/arm/arm-gnu-toolchain/bin/../lib/gcc/arm-none-eabi/6.3.1/../../../../arm-none-eabi/lib/thumb/v7e-m\libc.a(lib_a-mprec.o)
                0x00406a40                __mdiff
 .text.__d2b    0x00406b48       0xb8 c:/program files (x86)/atmel/studio/7.0/toolchain/arm/arm-gnu-toolchain/bin/../lib/gcc/arm-none-eabi/6.3.1/../../../../arm-none-eabi/lib/thumb/v7e-m\libc.a(lib_a-mprec.o)
                0x00406b48                __d2b
 .text._sbrk_r  0x00406c00       0x24 c:/program files (x86)/atmel/studio/7.0/toolchain/arm/arm-gnu-toolchain/bin/../lib/gcc/arm-none-eabi/6.3.1/../../../../arm-none-eabi/lib/thumb/v7e-m\libc.a(lib_a-sbrkr.o)
                0x00406c00                _sbrk_r
 *fill*         0x00406c24       0x1c 
 .text          0x00406c40       0xdc c:/program files (x86)/atmel/studio/7.0/toolchain/arm/arm-gnu-toolchain/bin/../lib/gcc/arm-none-eabi/6.3.1/../../../../arm-none-eabi/lib/thumb/v7e-m\libc.a(lib_a-strlen.o)
                0x00406c40                strlen
 .text.__ssprint_r
                0x00406d1c       0xfc c:/program files (x86)/atmel/studio/7.0/toolchain/arm/arm-gnu-toolchain/bin/../lib/gcc/arm-none-eabi/6.3.1/../../../../arm-none-eabi/lib/thumb/v7e-m\libc.a(lib_a-svfiprintf.o)
                0x00406d1c                __ssprint_r
 .text.__register_exitproc
                0x00406e18       0xc4 c:/program files (x86)/atmel/studio/7.0/toolchain/arm/arm-gnu-toolchain/bin/../lib/gcc/arm-none-eabi/6.3.1/../../../../arm-none-eabi/lib/thumb/v7e-m\libc.a(lib_a-__atexit.o)
                0x00406e18                __register_exitproc
 .text._calloc_r
                0x00406edc       0x60 c:/program files (x86)/atmel/studio/7.0/toolchain/arm/arm-gnu-toolchain/bin/../lib/gcc/arm-none-eabi/6.3.1/../../../../arm-none-eabi/lib/thumb/v7e-m\libc.a(lib_a-callocr.o)
                0x00406edc                _calloc_r
 .text._malloc_trim_r
                0x00406f3c       0xa0 c:/program files (x86)/atmel/studio/7.0/toolchain/arm/arm-gnu-toolchain/bin/../lib/gcc/arm-none-eabi/6.3.1/../../../../arm-none-eabi/lib/thumb/v7e-m\libc.a(lib_a-freer.o)
                0x00406f3c                _malloc_trim_r
 .text._free_r  0x00406fdc      0x1cc c:/program files (x86)/atmel/studio/7.0/toolchain/arm/arm-gnu-toolchain/bin/../lib/gcc/arm-none-eabi/6.3.1/../../../../arm-none-eabi/lib/thumb/v7e-m\libc.a(lib_a-freer.o)
                0x00406fdc                _free_r
 .text.__ascii_mbtowc
                0x004071a8       0x2c c:/program files (x86)/atmel/studio/7.0/toolchain/arm/arm-gnu-toolchain/bin/../lib/gcc/arm-none-eabi/6.3.1/../../../../arm-none-eabi/lib/thumb/v7e-m\libc.a(lib_a-mbtowc_r.o)
                0x004071a8                __ascii_mbtowc
 .text.memmove  0x004071d4       0xc8 c:/program files (x86)/atmel/studio/7.0/toolchain/arm/arm-gnu-toolchain/bin/../lib/gcc/arm-none-eabi/6.3.1/../../../../arm-none-eabi/lib/thumb/v7e-m\libc.a(lib_a-memmove.o)
                0x004071d4                memmove
 .text._realloc_r
                0x0040729c      0x34c c:/program files (x86)/atmel/studio/7.0/toolchain/arm/arm-gnu-toolchain/bin/../lib/gcc/arm-none-eabi/6.3.1/../../../../arm-none-eabi/lib/thumb/v7e-m\libc.a(lib_a-reallocr.o)
                0x0040729c                _realloc_r
 .text.__ascii_wctomb
                0x004075e8       0x1c c:/program files (x86)/atmel/studio/7.0/toolchain/arm/arm-gnu-toolchain/bin/../lib/gcc/arm-none-eabi/6.3.1/../../../../arm-none-eabi/lib/thumb/v7e-m\libc.a(lib_a-wctomb_r.o)
                0x004075e8                __ascii_wctomb
 .text          0x00407604      0x110 c:/program files (x86)/atmel/studio/7.0/toolchain/arm/arm-gnu-toolchain/bin/../lib/gcc/arm-none-eabi/6.3.1/thumb/v7e-m\libgcc.a(_arm_cmpdf2.o)
                0x00407604                __gtdf2
                0x00407604                __gedf2
                0x0040760c                __ltdf2
                0x0040760c                __ledf2
                0x00407614                __nedf2
                0x00407614                __eqdf2
                0x00407614                __cmpdf2
                0x00407690                __aeabi_cdrcmple
                0x004076a0                __aeabi_cdcmpeq
                0x004076a0                __aeabi_cdcmple
                0x004076b0                __aeabi_dcmpeq
                0x004076c4                __aeabi_dcmplt
                0x004076d8                __aeabi_dcmple
                0x004076ec                __aeabi_dcmpge
                0x00407700                __aeabi_dcmpgt
 .text          0x00407714       0x2c c:/program files (x86)/atmel/studio/7.0/toolchain/arm/arm-gnu-toolchain/bin/../lib/gcc/arm-none-eabi/6.3.1/thumb/v7e-m\libgcc.a(_arm_unorddf2.o)
                0x00407714                __unorddf2
                0x00407714                __aeabi_dcmpun
 .text          0x00407740       0x50 c:/program files (x86)/atmel/studio/7.0/toolchain/arm/arm-gnu-toolchain/bin/../lib/gcc/arm-none-eabi/6.3.1/thumb/v7e-m\libgcc.a(_arm_fixdfsi.o)
                0x00407740                __aeabi_d2iz
                0x00407740                __fixdfsi
 .text          0x00407790       0x30 c:/program files (x86)/atmel/studio/7.0/toolchain/arm/arm-gnu-toolchain/bin/../lib/gcc/arm-none-eabi/6.3.1/thumb/v7e-m\libgcc.a(_aeabi_uldivmod.o)
                0x00407790                __aeabi_uldivmod
 .text          0x004077c0      0x2dc c:/program files (x86)/atmel/studio/7.0/toolchain/arm/arm-gnu-toolchain/bin/../lib/gcc/arm-none-eabi/6.3.1/thumb/v7e-m\libgcc.a(_udivmoddi4.o)
                0x004077c0                __udivmoddi4
 .text          0x00407a9c        0x4 c:/program files (x86)/atmel/studio/7.0/toolchain/arm/arm-gnu-toolchain/bin/../lib/gcc/arm-none-eabi/6.3.1/thumb/v7e-m\libgcc.a(_dvmd_tls.o)
                0x00407a9c                __aeabi_idiv0
                0x00407a9c                __aeabi_ldiv0
 *(.glue_7t)
 .glue_7t       0x00407aa0        0x0 linker stubs
 *(.glue_7)
 .glue_7        0x00407aa0        0x0 linker stubs
 *(.rodata .rodata* .gnu.linkonce.r.*)
 .rodata.image_data_sourcecodepro_28_0x41
                0x00407aa0      0x138 src/main.o
 .rodata.sourcecodepro_28_0x41
                0x00407bd8       0x10 src/main.o
 .rodata.image_data_sourcecodepro_28_0x42
                0x00407be8      0x138 src/main.o
 .rodata.sourcecodepro_28_0x42
                0x00407d20       0x10 src/main.o
 .rodata.image_data_sourcecodepro_28_0x43
                0x00407d30      0x15f src/main.o
 *fill*         0x00407e8f        0x1 
 .rodata.sourcecodepro_28_0x43
                0x00407e90       0x10 src/main.o
 .rodata.image_data_sourcecodepro_28_0x44
                0x00407ea0      0x186 src/main.o
 *fill*         0x00408026        0x2 
 .rodata.sourcecodepro_28_0x44
                0x00408028       0x10 src/main.o
 .rodata.image_data_sourcecodepro_28_0x45
                0x00408038      0x138 src/main.o
 .rodata.sourcecodepro_28_0x45
                0x00408170       0x10 src/main.o
 .rodata.image_data_sourcecodepro_28_0x46
                0x00408180      0x111 src/main.o
 *fill*         0x00408291        0x3 
 .rodata.sourcecodepro_28_0x46
                0x00408294       0x10 src/main.o
 .rodata.image_data_sourcecodepro_28_0x47
                0x004082a4      0x15f src/main.o
 *fill*         0x00408403        0x1 
 .rodata.sourcecodepro_28_0x47
                0x00408404       0x10 src/main.o
 .rodata.image_data_sourcecodepro_28_0x48
                0x00408414      0x15f src/main.o
 *fill*         0x00408573        0x1 
 .rodata.sourcecodepro_28_0x48
                0x00408574       0x10 src/main.o
 .rodata.image_data_sourcecodepro_28_0x49
                0x00408584       0x9c src/main.o
 .rodata.sourcecodepro_28_0x49
                0x00408620       0x10 src/main.o
 .rodata.image_data_sourcecodepro_28_0x4a
                0x00408630       0xea src/main.o
 *fill*         0x0040871a        0x2 
 .rodata.sourcecodepro_28_0x4a
                0x0040871c       0x10 src/main.o
 .rodata.image_data_sourcecodepro_28_0x4b
                0x0040872c      0x138 src/main.o
 .rodata.sourcecodepro_28_0x4b
                0x00408864       0x10 src/main.o
 .rodata.image_data_sourcecodepro_28_0x4c
                0x00408874      0x111 src/main.o
 *fill*         0x00408985        0x3 
 .rodata.sourcecodepro_28_0x4c
                0x00408988       0x10 src/main.o
 .rodata.image_data_sourcecodepro_28_0x4d
                0x00408998      0x186 src/main.o
 *fill*         0x00408b1e        0x2 
 .rodata.sourcecodepro_28_0x4d
                0x00408b20       0x10 src/main.o
 .rodata.image_data_sourcecodepro_28_0x4e
                0x00408b30      0x15f src/main.o
 *fill*         0x00408c8f        0x1 
 .rodata.sourcecodepro_28_0x4e
                0x00408c90       0x10 src/main.o
 .rodata.image_data_sourcecodepro_28_0x4f
                0x00408ca0      0x186 src/main.o
 *fill*         0x00408e26        0x2 
 .rodata.sourcecodepro_28_0x4f
                0x00408e28       0x10 src/main.o
 .rodata.image_data_sourcecodepro_28_0x50
                0x00408e38      0x138 src/main.o
 .rodata.sourcecodepro_28_0x50
                0x00408f70       0x10 src/main.o
 .rodata.image_data_sourcecodepro_28_0x51
                0x00408f80      0x186 src/main.o
 *fill*         0x00409106        0x2 
 .rodata.sourcecodepro_28_0x51
                0x00409108       0x10 src/main.o
 .rodata.image_data_sourcecodepro_28_0x52
                0x00409118      0x15f src/main.o
 *fill*         0x00409277        0x1 
 .rodata.sourcecodepro_28_0x52
                0x00409278       0x10 src/main.o
 .rodata.image_data_sourcecodepro_28_0x53
                0x00409288      0x138 src/main.o
 .rodata.sourcecodepro_28_0x53
                0x004093c0       0x10 src/main.o
 .rodata.image_data_sourcecodepro_28_0x54
                0x004093d0      0x138 src/main.o
 .rodata.sourcecodepro_28_0x54
                0x00409508       0x10 src/main.o
 .rodata.image_data_sourcecodepro_28_0x55
                0x00409518      0x15f src/main.o
 *fill*         0x00409677        0x1 
 .rodata.sourcecodepro_28_0x55
                0x00409678       0x10 src/main.o
 .rodata.image_data_sourcecodepro_28_0x56
                0x00409688      0x138 src/main.o
 .rodata.sourcecodepro_28_0x56
                0x004097c0       0x10 src/main.o
 .rodata.image_data_sourcecodepro_28_0x57
                0x004097d0      0x222 src/main.o
 *fill*         0x004099f2        0x2 
 .rodata.sourcecodepro_28_0x57
                0x004099f4       0x10 src/main.o
 .rodata.image_data_sourcecodepro_28_0x58
                0x00409a04      0x138 src/main.o
 .rodata.sourcecodepro_28_0x58
                0x00409b3c       0x10 src/main.o
 .rodata.image_data_sourcecodepro_28_0x59
                0x00409b4c      0x138 src/main.o
 .rodata.sourcecodepro_28_0x59
                0x00409c84       0x10 src/main.o
 .rodata.image_data_sourcecodepro_28_0x5a
                0x00409c94      0x138 src/main.o
 .rodata.sourcecodepro_28_0x5a
                0x00409dcc       0x10 src/main.o
 .rodata.sourcecodepro_28_array
                0x00409ddc       0xd0 src/main.o
 .rodata.sourcecodepro_28
                0x00409eac        0xc src/main.o
                0x00409eac                sourcecodepro_28
 .rodata.image_data_calibri_36_0x20
                0x00409eb8      0x378 src/main.o
 .rodata.calibri_36_0x20
                0x0040a230       0x10 src/main.o
 .rodata.image_data_calibri_36_0x21
                0x0040a240      0x534 src/main.o
 .rodata.calibri_36_0x21
                0x0040a774       0x10 src/main.o
 .rodata.image_data_calibri_36_0x22
                0x0040a784      0x612 src/main.o
 *fill*         0x0040ad96        0x2 
 .rodata.calibri_36_0x22
                0x0040ad98       0x10 src/main.o
 .rodata.image_data_calibri_36_0x23
                0x0040ada8      0x7ce src/main.o
 *fill*         0x0040b576        0x2 
 .rodata.calibri_36_0x23
                0x0040b578       0x10 src/main.o
 .rodata.image_data_calibri_36_0x24
                0x0040b588      0x7ce src/main.o
 *fill*         0x0040bd56        0x2 
 .rodata.calibri_36_0x24
                0x0040bd58       0x10 src/main.o
 .rodata.image_data_calibri_36_0x25
                0x0040bd68      0xb46 src/main.o
 *fill*         0x0040c8ae        0x2 
 .rodata.calibri_36_0x25
                0x0040c8b0       0x10 src/main.o
 .rodata.image_data_calibri_36_0x26
                0x0040c8c0      0xad7 src/main.o
 *fill*         0x0040d397        0x1 
 .rodata.calibri_36_0x26
                0x0040d398       0x10 src/main.o
 .rodata.image_data_calibri_36_0x27
                0x0040d3a8      0x378 src/main.o
 .rodata.calibri_36_0x27
                0x0040d720       0x10 src/main.o
 .rodata.image_data_calibri_36_0x28
                0x0040d730      0x4c5 src/main.o
 *fill*         0x0040dbf5        0x3 
 .rodata.calibri_36_0x28
                0x0040dbf8       0x10 src/main.o
 .rodata.image_data_calibri_36_0x29
                0x0040dc08      0x4c5 src/main.o
 *fill*         0x0040e0cd        0x3 
 .rodata.calibri_36_0x29
                0x0040e0d0       0x10 src/main.o
 .rodata.image_data_calibri_36_0x2a
                0x0040e0e0      0x7ce src/main.o
 *fill*         0x0040e8ae        0x2 
 .rodata.calibri_36_0x2a
                0x0040e8b0       0x10 src/main.o
 .rodata.image_data_calibri_36_0x2b
                0x0040e8c0      0x7ce src/main.o
 *fill*         0x0040f08e        0x2 
 .rodata.calibri_36_0x2b
                0x0040f090       0x10 src/main.o
 .rodata.image_data_calibri_36_0x2c
                0x0040f0a0      0x3e7 src/main.o
 *fill*         0x0040f487        0x1 
 .rodata.calibri_36_0x2c
                0x0040f488       0x10 src/main.o
 .rodata.image_data_calibri_36_0x2d
                0x0040f498      0x4c5 src/main.o
 *fill*         0x0040f95d        0x3 
 .rodata.calibri_36_0x2d
                0x0040f960       0x10 src/main.o
 .rodata.image_data_calibri_36_0x2e
                0x0040f970      0x3e7 src/main.o
 *fill*         0x0040fd57        0x1 
 .rodata.calibri_36_0x2e
                0x0040fd58       0x10 src/main.o
 .rodata.image_data_calibri_36_0x2f
                0x0040fd68      0x612 src/main.o
 *fill*         0x0041037a        0x2 
 .rodata.calibri_36_0x2f
                0x0041037c       0x10 src/main.o
 .rodata.image_data_calibri_36_0x30
                0x0041038c      0x7ce src/main.o
 *fill*         0x00410b5a        0x2 
 .rodata.calibri_36_0x30
                0x00410b5c       0x10 src/main.o
 .rodata.image_data_calibri_36_0x31
                0x00410b6c      0x7ce src/main.o
 *fill*         0x0041133a        0x2 
 .rodata.calibri_36_0x31
                0x0041133c       0x10 src/main.o
 .rodata.image_data_calibri_36_0x32
                0x0041134c      0x7ce src/main.o
 *fill*         0x00411b1a        0x2 
 .rodata.calibri_36_0x32
                0x00411b1c       0x10 src/main.o
 .rodata.image_data_calibri_36_0x33
                0x00411b2c      0x7ce src/main.o
 *fill*         0x004122fa        0x2 
 .rodata.calibri_36_0x33
                0x004122fc       0x10 src/main.o
 .rodata.image_data_calibri_36_0x34
                0x0041230c      0x7ce src/main.o
 *fill*         0x00412ada        0x2 
 .rodata.calibri_36_0x34
                0x00412adc       0x10 src/main.o
 .rodata.image_data_calibri_36_0x35
                0x00412aec      0x7ce src/main.o
 *fill*         0x004132ba        0x2 
 .rodata.calibri_36_0x35
                0x004132bc       0x10 src/main.o
 .rodata.image_data_calibri_36_0x36
                0x004132cc      0x7ce src/main.o
 *fill*         0x00413a9a        0x2 
 .rodata.calibri_36_0x36
                0x00413a9c       0x10 src/main.o
 .rodata.image_data_calibri_36_0x37
                0x00413aac      0x7ce src/main.o
 *fill*         0x0041427a        0x2 
 .rodata.calibri_36_0x37
                0x0041427c       0x10 src/main.o
 .rodata.image_data_calibri_36_0x38
                0x0041428c      0x7ce src/main.o
 *fill*         0x00414a5a        0x2 
 .rodata.calibri_36_0x38
                0x00414a5c       0x10 src/main.o
 .rodata.image_data_calibri_36_0x39
                0x00414a6c      0x7ce src/main.o
 *fill*         0x0041523a        0x2 
 .rodata.calibri_36_0x39
                0x0041523c       0x10 src/main.o
 .rodata.image_data_calibri_36_0x3a
                0x0041524c      0x456 src/main.o
 *fill*         0x004156a2        0x2 
 .rodata.calibri_36_0x3a
                0x004156a4       0x10 src/main.o
 .rodata.image_data_calibri_36_0x3b
                0x004156b4      0x456 src/main.o
 *fill*         0x00415b0a        0x2 
 .rodata.calibri_36_0x3b
                0x00415b0c       0x10 src/main.o
 .rodata.image_data_calibri_36_0x3c
                0x00415b1c      0x7ce src/main.o
 *fill*         0x004162ea        0x2 
 .rodata.calibri_36_0x3c
                0x004162ec       0x10 src/main.o
 .rodata.image_data_calibri_36_0x3d
                0x004162fc      0x7ce src/main.o
 *fill*         0x00416aca        0x2 
 .rodata.calibri_36_0x3d
                0x00416acc       0x10 src/main.o
 .rodata.image_data_calibri_36_0x3e
                0x00416adc      0x7ce src/main.o
 *fill*         0x004172aa        0x2 
 .rodata.calibri_36_0x3e
                0x004172ac       0x10 src/main.o
 .rodata.image_data_calibri_36_0x3f
                0x004172bc      0x75f src/main.o
 *fill*         0x00417a1b        0x1 
 .rodata.calibri_36_0x3f
                0x00417a1c       0x10 src/main.o
 .rodata.image_data_calibri_36_0x40
                0x00417a2c      0xde0 src/main.o
 .rodata.calibri_36_0x40
                0x0041880c       0x10 src/main.o
 .rodata.image_data_calibri_36_0x41
                0x0041881c      0x91b src/main.o
 *fill*         0x00419137        0x1 
 .rodata.calibri_36_0x41
                0x00419138       0x10 src/main.o
 .rodata.image_data_calibri_36_0x42
                0x00419148      0x8ac src/main.o
 .rodata.calibri_36_0x42
                0x004199f4       0x10 src/main.o
 .rodata.image_data_calibri_36_0x43
                0x00419a04      0x83d src/main.o
 *fill*         0x0041a241        0x3 
 .rodata.calibri_36_0x43
                0x0041a244       0x10 src/main.o
 .rodata.image_data_calibri_36_0x44
                0x0041a254      0x98a src/main.o
 *fill*         0x0041abde        0x2 
 .rodata.calibri_36_0x44
                0x0041abe0       0x10 src/main.o
 .rodata.image_data_calibri_36_0x45
                0x0041abf0      0x7ce src/main.o
 *fill*         0x0041b3be        0x2 
 .rodata.calibri_36_0x45
                0x0041b3c0       0x10 src/main.o
 .rodata.image_data_calibri_36_0x46
                0x0041b3d0      0x75f src/main.o
 *fill*         0x0041bb2f        0x1 
 .rodata.calibri_36_0x46
                0x0041bb30       0x10 src/main.o
 .rodata.image_data_calibri_36_0x47
                0x0041bb40      0x9f9 src/main.o
 *fill*         0x0041c539        0x3 
 .rodata.calibri_36_0x47
                0x0041c53c       0x10 src/main.o
 .rodata.image_data_calibri_36_0x48
                0x0041c54c      0x98a src/main.o
 *fill*         0x0041ced6        0x2 
 .rodata.calibri_36_0x48
                0x0041ced8       0x10 src/main.o
 .rodata.image_data_calibri_36_0x49
                0x0041cee8      0x3e7 src/main.o
 *fill*         0x0041d2cf        0x1 
 .rodata.calibri_36_0x49
                0x0041d2d0       0x10 src/main.o
 .rodata.image_data_calibri_36_0x4a
                0x0041d2e0      0x4c5 src/main.o
 *fill*         0x0041d7a5        0x3 
 .rodata.calibri_36_0x4a
                0x0041d7a8       0x10 src/main.o
 .rodata.image_data_calibri_36_0x4b
                0x0041d7b8      0x83d src/main.o
 *fill*         0x0041dff5        0x3 
 .rodata.calibri_36_0x4b
                0x0041dff8       0x10 src/main.o
 .rodata.image_data_calibri_36_0x4c
                0x0041e008      0x681 src/main.o
 *fill*         0x0041e689        0x3 
 .rodata.calibri_36_0x4c
                0x0041e68c       0x10 src/main.o
 .rodata.image_data_calibri_36_0x4d
                0x0041e69c      0xd71 src/main.o
 *fill*         0x0041f40d        0x3 
 .rodata.calibri_36_0x4d
                0x0041f410       0x10 src/main.o
 .rodata.image_data_calibri_36_0x4e
                0x0041f420      0x9f9 src/main.o
 *fill*         0x0041fe19        0x3 
 .rodata.calibri_36_0x4e
                0x0041fe1c       0x10 src/main.o
 .rodata.image_data_calibri_36_0x4f
                0x0041fe2c      0xa68 src/main.o
 .rodata.calibri_36_0x4f
                0x00420894       0x10 src/main.o
 .rodata.image_data_calibri_36_0x50
                0x004208a4      0x83d src/main.o
 *fill*         0x004210e1        0x3 
 .rodata.calibri_36_0x50
                0x004210e4       0x10 src/main.o
 .rodata.image_data_calibri_36_0x51
                0x004210f4      0xad7 src/main.o
 *fill*         0x00421bcb        0x1 
 .rodata.calibri_36_0x51
                0x00421bcc       0x10 src/main.o
 .rodata.image_data_calibri_36_0x52
                0x00421bdc      0x8ac src/main.o
 .rodata.calibri_36_0x52
                0x00422488       0x10 src/main.o
 .rodata.image_data_calibri_36_0x53
                0x00422498      0x75f src/main.o
 *fill*         0x00422bf7        0x1 
 .rodata.calibri_36_0x53
                0x00422bf8       0x10 src/main.o
 .rodata.image_data_calibri_36_0x54
                0x00422c08      0x7ce src/main.o
 *fill*         0x004233d6        0x2 
 .rodata.calibri_36_0x54
                0x004233d8       0x10 src/main.o
 .rodata.image_data_calibri_36_0x55
                0x004233e8      0x9f9 src/main.o
 *fill*         0x00423de1        0x3 
 .rodata.calibri_36_0x55
                0x00423de4       0x10 src/main.o
 .rodata.image_data_calibri_36_0x56
                0x00423df4      0x8ac src/main.o
 .rodata.calibri_36_0x56
                0x004246a0       0x10 src/main.o
 .rodata.image_data_calibri_36_0x57
                0x004246b0      0xde0 src/main.o
 .rodata.calibri_36_0x57
                0x00425490       0x10 src/main.o
 .rodata.image_data_calibri_36_0x58
                0x004254a0      0x83d src/main.o
 *fill*         0x00425cdd        0x3 
 .rodata.calibri_36_0x58
                0x00425ce0       0x10 src/main.o
 .rodata.image_data_calibri_36_0x59
                0x00425cf0      0x7ce src/main.o
 *fill*         0x004264be        0x2 
 .rodata.calibri_36_0x59
                0x004264c0       0x10 src/main.o
 .rodata.image_data_calibri_36_0x5a
                0x004264d0      0x75f src/main.o
 *fill*         0x00426c2f        0x1 
 .rodata.calibri_36_0x5a
                0x00426c30       0x10 src/main.o
 .rodata.image_data_calibri_36_0x5b
                0x00426c40      0x4c5 src/main.o
 *fill*         0x00427105        0x3 
 .rodata.calibri_36_0x5b
                0x00427108       0x10 src/main.o
 .rodata.image_data_calibri_36_0x5c
                0x00427118      0x612 src/main.o
 *fill*         0x0042772a        0x2 
 .rodata.calibri_36_0x5c
                0x0042772c       0x10 src/main.o
 .rodata.image_data_calibri_36_0x5d
                0x0042773c      0x4c5 src/main.o
 *fill*         0x00427c01        0x3 
 .rodata.calibri_36_0x5d
                0x00427c04       0x10 src/main.o
 .rodata.image_data_calibri_36_0x5e
                0x00427c14      0x7ce src/main.o
 *fill*         0x004283e2        0x2 
 .rodata.calibri_36_0x5e
                0x004283e4       0x10 src/main.o
 .rodata.image_data_calibri_36_0x5f
                0x004283f4      0x7ce src/main.o
 *fill*         0x00428bc2        0x2 
 .rodata.calibri_36_0x5f
                0x00428bc4       0x10 src/main.o
 .rodata.image_data_calibri_36_0x60
                0x00428bd4      0x456 src/main.o
 *fill*         0x0042902a        0x2 
 .rodata.calibri_36_0x60
                0x0042902c       0x10 src/main.o
 .rodata.image_data_calibri_36_0x61
                0x0042903c      0x75f src/main.o
 *fill*         0x0042979b        0x1 
 .rodata.calibri_36_0x61
                0x0042979c       0x10 src/main.o
 .rodata.image_data_calibri_36_0x62
                0x004297ac      0x83d src/main.o
 *fill*         0x00429fe9        0x3 
 .rodata.calibri_36_0x62
                0x00429fec       0x10 src/main.o
 .rodata.image_data_calibri_36_0x63
                0x00429ffc      0x681 src/main.o
 *fill*         0x0042a67d        0x3 
 .rodata.calibri_36_0x63
                0x0042a680       0x10 src/main.o
 .rodata.image_data_calibri_36_0x64
                0x0042a690      0x83d src/main.o
 *fill*         0x0042aecd        0x3 
 .rodata.calibri_36_0x64
                0x0042aed0       0x10 src/main.o
 .rodata.image_data_calibri_36_0x65
                0x0042aee0      0x7ce src/main.o
 *fill*         0x0042b6ae        0x2 
 .rodata.calibri_36_0x65
                0x0042b6b0       0x10 src/main.o
 .rodata.image_data_calibri_36_0x66
                0x0042b6c0      0x4c5 src/main.o
 *fill*         0x0042bb85        0x3 
 .rodata.calibri_36_0x66
                0x0042bb88       0x10 src/main.o
 .rodata.image_data_calibri_36_0x67
                0x0042bb98      0x75f src/main.o
 *fill*         0x0042c2f7        0x1 
 .rodata.calibri_36_0x67
                0x0042c2f8       0x10 src/main.o
 .rodata.image_data_calibri_36_0x68
                0x0042c308      0x83d src/main.o
 *fill*         0x0042cb45        0x3 
 .rodata.calibri_36_0x68
                0x0042cb48       0x10 src/main.o
 .rodata.image_data_calibri_36_0x69
                0x0042cb58      0x378 src/main.o
 .rodata.calibri_36_0x69
                0x0042ced0       0x10 src/main.o
 .rodata.image_data_calibri_36_0x6a
                0x0042cee0      0x3e7 src/main.o
 *fill*         0x0042d2c7        0x1 
 .rodata.calibri_36_0x6a
                0x0042d2c8       0x10 src/main.o
 .rodata.image_data_calibri_36_0x6b
                0x0042d2d8      0x6f0 src/main.o
 .rodata.calibri_36_0x6b
                0x0042d9c8       0x10 src/main.o
 .rodata.image_data_calibri_36_0x6c
                0x0042d9d8      0x378 src/main.o
 .rodata.calibri_36_0x6c
                0x0042dd50       0x10 src/main.o
 .rodata.image_data_calibri_36_0x6d
                0x0042dd60      0xc93 src/main.o
 *fill*         0x0042e9f3        0x1 
 .rodata.calibri_36_0x6d
                0x0042e9f4       0x10 src/main.o
 .rodata.image_data_calibri_36_0x6e
                0x0042ea04      0x83d src/main.o
 *fill*         0x0042f241        0x3 
 .rodata.calibri_36_0x6e
                0x0042f244       0x10 src/main.o
 .rodata.image_data_calibri_36_0x6f
                0x0042f254      0x83d src/main.o
 *fill*         0x0042fa91        0x3 
 .rodata.calibri_36_0x6f
                0x0042fa94       0x10 src/main.o
 .rodata.image_data_calibri_36_0x70
                0x0042faa4      0x83d src/main.o
 *fill*         0x004302e1        0x3 
 .rodata.calibri_36_0x70
                0x004302e4       0x10 src/main.o
 .rodata.image_data_calibri_36_0x71
                0x004302f4      0x83d src/main.o
 *fill*         0x00430b31        0x3 
 .rodata.calibri_36_0x71
                0x00430b34       0x10 src/main.o
 .rodata.image_data_calibri_36_0x72
                0x00430b44      0x5a3 src/main.o
 *fill*         0x004310e7        0x1 
 .rodata.calibri_36_0x72
                0x004310e8       0x10 src/main.o
 .rodata.image_data_calibri_36_0x73
                0x004310f8      0x612 src/main.o
 *fill*         0x0043170a        0x2 
 .rodata.calibri_36_0x73
                0x0043170c       0x10 src/main.o
 .rodata.image_data_calibri_36_0x74
                0x0043171c      0x534 src/main.o
 .rodata.calibri_36_0x74
                0x00431c50       0x10 src/main.o
 .rodata.image_data_calibri_36_0x75
                0x00431c60      0x83d src/main.o
 *fill*         0x0043249d        0x3 
 .rodata.calibri_36_0x75
                0x004324a0       0x10 src/main.o
 .rodata.image_data_calibri_36_0x76
                0x004324b0      0x6f0 src/main.o
 .rodata.calibri_36_0x76
                0x00432ba0       0x10 src/main.o
 .rodata.image_data_calibri_36_0x77
                0x00432bb0      0xb46 src/main.o
 *fill*         0x004336f6        0x2 
 .rodata.calibri_36_0x77
                0x004336f8       0x10 src/main.o
 .rodata.image_data_calibri_36_0x78
                0x00433708      0x6f0 src/main.o
 .rodata.calibri_36_0x78
                0x00433df8       0x10 src/main.o
 .rodata.image_data_calibri_36_0x79
                0x00433e08      0x6f0 src/main.o
 .rodata.calibri_36_0x79
                0x004344f8       0x10 src/main.o
 .rodata.image_data_calibri_36_0x7a
                0x00434508      0x612 src/main.o
 *fill*         0x00434b1a        0x2 
 .rodata.calibri_36_0x7a
                0x00434b1c       0x10 src/main.o
 .rodata.image_data_calibri_36_0x7b
                0x00434b2c      0x4c5 src/main.o
 *fill*         0x00434ff1        0x3 
 .rodata.calibri_36_0x7b
                0x00434ff4       0x10 src/main.o
 .rodata.image_data_calibri_36_0x7c
                0x00435004      0x75f src/main.o
 *fill*         0x00435763        0x1 
 .rodata.calibri_36_0x7c
                0x00435764       0x10 src/main.o
 .rodata.image_data_calibri_36_0x7d
                0x00435774      0x4c5 src/main.o
 *fill*         0x00435c39        0x3 
 .rodata.calibri_36_0x7d
                0x00435c3c       0x10 src/main.o
 .rodata.image_data_calibri_36_0x7e
                0x00435c4c      0x7ce src/main.o
 *fill*         0x0043641a        0x2 
 .rodata.calibri_36_0x7e
                0x0043641c       0x10 src/main.o
 .rodata.calibri_36_array
                0x0043642c      0x2f8 src/main.o
 .rodata.calibri_36
                0x00436724        0xc src/main.o
                0x00436724                calibri_36
 .rodata.image_data_arial_72_0x30
                0x00436730     0x2760 src/main.o
 .rodata.arial_72_0x30
                0x00438e90       0x10 src/main.o
 .rodata.image_data_arial_72_0x31
                0x00438ea0     0x2760 src/main.o
 .rodata.arial_72_0x31
                0x0043b600       0x10 src/main.o
 .rodata.image_data_arial_72_0x32
                0x0043b610     0x2760 src/main.o
 .rodata.arial_72_0x32
                0x0043dd70       0x10 src/main.o
 .rodata.image_data_arial_72_0x33
                0x0043dd80     0x2760 src/main.o
 .rodata.arial_72_0x33
                0x004404e0       0x10 src/main.o
 .rodata.image_data_arial_72_0x34
                0x004404f0     0x2760 src/main.o
 .rodata.arial_72_0x34
                0x00442c50       0x10 src/main.o
 .rodata.image_data_arial_72_0x35
                0x00442c60     0x2760 src/main.o
 .rodata.arial_72_0x35
                0x004453c0       0x10 src/main.o
 .rodata.image_data_arial_72_0x36
                0x004453d0     0x2760 src/main.o
 .rodata.arial_72_0x36
                0x00447b30       0x10 src/main.o
 .rodata.image_data_arial_72_0x37
                0x00447b40     0x2760 src/main.o
 .rodata.arial_72_0x37
                0x0044a2a0       0x10 src/main.o
 .rodata.image_data_arial_72_0x38
                0x0044a2b0     0x2760 src/main.o
 .rodata.arial_72_0x38
                0x0044ca10       0x10 src/main.o
 .rodata.image_data_arial_72_0x39
                0x0044ca20     0x2760 src/main.o
 .rodata.arial_72_0x39
                0x0044f180       0x10 src/main.o
 .rodata.arial_72_array
                0x0044f190       0x50 src/main.o
 .rodata.arial_72
                0x0044f1e0        0xc src/main.o
                0x0044f1e0                arial_72
 .rodata        0x0044f1ec       0x1b src/main.o
 *fill*         0x0044f207        0x1 
 .rodata._global_impure_ptr
                0x0044f208        0x4 c:/program files (x86)/atmel/studio/7.0/toolchain/arm/arm-gnu-toolchain/bin/../lib/gcc/arm-none-eabi/6.3.1/../../../../arm-none-eabi/lib/thumb/v7e-m\libc.a(lib_a-impure.o)
                0x0044f208                _global_impure_ptr
 .rodata._svfprintf_r.str1.4
                0x0044f20c       0x42 c:/program files (x86)/atmel/studio/7.0/toolchain/arm/arm-gnu-toolchain/bin/../lib/gcc/arm-none-eabi/6.3.1/../../../../arm-none-eabi/lib/thumb/v7e-m\libc.a(lib_a-svfprintf.o)
 *fill*         0x0044f24e        0x2 
 .rodata.blanks.7223
                0x0044f250       0x10 c:/program files (x86)/atmel/studio/7.0/toolchain/arm/arm-gnu-toolchain/bin/../lib/gcc/arm-none-eabi/6.3.1/../../../../arm-none-eabi/lib/thumb/v7e-m\libc.a(lib_a-svfprintf.o)
 .rodata.zeroes.7224
                0x0044f260       0x10 c:/program files (x86)/atmel/studio/7.0/toolchain/arm/arm-gnu-toolchain/bin/../lib/gcc/arm-none-eabi/6.3.1/../../../../arm-none-eabi/lib/thumb/v7e-m\libc.a(lib_a-svfprintf.o)
 .rodata._dtoa_r.str1.4
                0x0044f270       0x10 c:/program files (x86)/atmel/studio/7.0/toolchain/arm/arm-gnu-toolchain/bin/../lib/gcc/arm-none-eabi/6.3.1/../../../../arm-none-eabi/lib/thumb/v7e-m\libc.a(lib_a-dtoa.o)
                                 0x12 (size before relaxing)
 .rodata.__mprec_bigtens
                0x0044f280       0x28 c:/program files (x86)/atmel/studio/7.0/toolchain/arm/arm-gnu-toolchain/bin/../lib/gcc/arm-none-eabi/6.3.1/../../../../arm-none-eabi/lib/thumb/v7e-m\libc.a(lib_a-mprec.o)
                0x0044f280                __mprec_bigtens
 .rodata.__mprec_tens
                0x0044f2a8       0xc8 c:/program files (x86)/atmel/studio/7.0/toolchain/arm/arm-gnu-toolchain/bin/../lib/gcc/arm-none-eabi/6.3.1/../../../../arm-none-eabi/lib/thumb/v7e-m\libc.a(lib_a-mprec.o)
                0x0044f2a8                __mprec_tens
 .rodata.p05.6055
                0x0044f370        0xc c:/program files (x86)/atmel/studio/7.0/toolchain/arm/arm-gnu-toolchain/bin/../lib/gcc/arm-none-eabi/6.3.1/../../../../arm-none-eabi/lib/thumb/v7e-m\libc.a(lib_a-mprec.o)
 .rodata._setlocale_r.str1.4
                0x0044f37c        0xa c:/program files (x86)/atmel/studio/7.0/toolchain/arm/arm-gnu-toolchain/bin/../lib/gcc/arm-none-eabi/6.3.1/../../../../arm-none-eabi/lib/thumb/v7e-m\libc.a(lib_a-locale.o)
                                  0xd (size before relaxing)
 *fill*         0x0044f386        0x2 
 .rodata.str1.4
                0x0044f388        0x4 c:/program files (x86)/atmel/studio/7.0/toolchain/arm/arm-gnu-toolchain/bin/../lib/gcc/arm-none-eabi/6.3.1/../../../../arm-none-eabi/lib/thumb/v7e-m\libc.a(lib_a-locale.o)
                                  0x2 (size before relaxing)
 .rodata._ctype_
                0x0044f38c      0x101 c:/program files (x86)/atmel/studio/7.0/toolchain/arm/arm-gnu-toolchain/bin/../lib/gcc/arm-none-eabi/6.3.1/../../../../arm-none-eabi/lib/thumb/v7e-m\libc.a(lib_a-ctype_.o)
                0x0044f38c                _ctype_
 *(.ARM.extab* .gnu.linkonce.armextab.*)
                0x0044f490                . = ALIGN (0x4)
 *fill*         0x0044f48d        0x3 
 *(.init)
 .init          0x0044f490        0x4 c:/program files (x86)/atmel/studio/7.0/toolchain/arm/arm-gnu-toolchain/bin/../lib/gcc/arm-none-eabi/6.3.1/thumb/v7e-m/crti.o
                0x0044f490                _init
 .init          0x0044f494        0x8 c:/program files (x86)/atmel/studio/7.0/toolchain/arm/arm-gnu-toolchain/bin/../lib/gcc/arm-none-eabi/6.3.1/thumb/v7e-m/crtn.o
                0x0044f49c                . = ALIGN (0x4)
                0x0044f49c                __preinit_array_start = .
 *(.preinit_array)
                0x0044f49c                __preinit_array_end = .
                0x0044f49c                . = ALIGN (0x4)
                0x0044f49c                __init_array_start = .
 *(SORT(.init_array.*))
 .init_array.00000
                0x0044f49c        0x4 c:/program files (x86)/atmel/studio/7.0/toolchain/arm/arm-gnu-toolchain/bin/../lib/gcc/arm-none-eabi/6.3.1/../../../../arm-none-eabi/lib/thumb/v7e-m\libc.a(lib_a-__call_atexit.o)
 *(.init_array)
 .init_array    0x0044f4a0        0x4 c:/program files (x86)/atmel/studio/7.0/toolchain/arm/arm-gnu-toolchain/bin/../lib/gcc/arm-none-eabi/6.3.1/thumb/v7e-m/crtbegin.o
                0x0044f4a4                __init_array_end = .
                0x0044f4a4                . = ALIGN (0x4)
 *crtbegin.o(.ctors)
 *(EXCLUDE_FILE(*crtend.o) .ctors)
 *(SORT(.ctors.*))
 *crtend.o(.ctors)
                0x0044f4a4                . = ALIGN (0x4)
 *(.fini)
 .fini          0x0044f4a4        0x4 c:/program files (x86)/atmel/studio/7.0/toolchain/arm/arm-gnu-toolchain/bin/../lib/gcc/arm-none-eabi/6.3.1/thumb/v7e-m/crti.o
                0x0044f4a4                _fini
 .fini          0x0044f4a8        0x8 c:/program files (x86)/atmel/studio/7.0/toolchain/arm/arm-gnu-toolchain/bin/../lib/gcc/arm-none-eabi/6.3.1/thumb/v7e-m/crtn.o
                0x0044f4b0                . = ALIGN (0x4)
                0x0044f4b0                __fini_array_start = .
 *(.fini_array)
 .fini_array    0x0044f4b0        0x4 c:/program files (x86)/atmel/studio/7.0/toolchain/arm/arm-gnu-toolchain/bin/../lib/gcc/arm-none-eabi/6.3.1/thumb/v7e-m/crtbegin.o
 *(SORT(.fini_array.*))
                0x0044f4b4                __fini_array_end = .
 *crtbegin.o(.dtors)
 *(EXCLUDE_FILE(*crtend.o) .dtors)
 *(SORT(.dtors.*))
 *crtend.o(.dtors)
                0x0044f4b4                . = ALIGN (0x4)
                0x0044f4b4                _efixed = .
                [!provide]                PROVIDE (__exidx_start, .)

.vfp11_veneer   0x0044f4b4        0x0
 .vfp11_veneer  0x0044f4b4        0x0 linker stubs

.v4_bx          0x0044f4b4        0x0
 .v4_bx         0x0044f4b4        0x0 linker stubs

.iplt           0x0044f4b4        0x0
 .iplt          0x0044f4b4        0x0 c:/program files (x86)/atmel/studio/7.0/toolchain/arm/arm-gnu-toolchain/bin/../lib/gcc/arm-none-eabi/6.3.1/thumb/v7e-m/crtbegin.o

.ARM.exidx      0x0044f4b4        0x8
 *(.ARM.exidx* .gnu.linkonce.armexidx.*)
 .ARM.exidx     0x0044f4b4        0x8 c:/program files (x86)/atmel/studio/7.0/toolchain/arm/arm-gnu-toolchain/bin/../lib/gcc/arm-none-eabi/6.3.1/thumb/v7e-m\libgcc.a(_udivmoddi4.o)
                [!provide]                PROVIDE (__exidx_end, .)

.eh_frame       0x0044f4bc        0x0
 .eh_frame      0x0044f4bc        0x0 c:/program files (x86)/atmel/studio/7.0/toolchain/arm/arm-gnu-toolchain/bin/../lib/gcc/arm-none-eabi/6.3.1/thumb/v7e-m/crtbegin.o

.rel.dyn        0x0044f4bc        0x0
 .rel.iplt      0x0044f4bc        0x0 c:/program files (x86)/atmel/studio/7.0/toolchain/arm/arm-gnu-toolchain/bin/../lib/gcc/arm-none-eabi/6.3.1/thumb/v7e-m/crtbegin.o

.jcr            0x0044f4bc        0x0
 .jcr           0x0044f4bc        0x0 c:/program files (x86)/atmel/studio/7.0/toolchain/arm/arm-gnu-toolchain/bin/../lib/gcc/arm-none-eabi/6.3.1/thumb/v7e-m/crtbegin.o

.igot.plt       0x0044f4bc        0x0
 .igot.plt      0x0044f4bc        0x0 c:/program files (x86)/atmel/studio/7.0/toolchain/arm/arm-gnu-toolchain/bin/../lib/gcc/arm-none-eabi/6.3.1/thumb/v7e-m/crtbegin.o
                0x0044f4bc                . = ALIGN (0x4)
                0x0044f4bc                _etext = .

.relocate       0x20400000      0x9b8 load address 0x0044f4bc
                0x20400000                . = ALIGN (0x4)
                0x20400000                _srelocate = .
 *(.ramfunc .ramfunc.*)
 *(.data .data.*)
 .data.g_interrupt_enabled
                0x20400000        0x1 src/ASF/common/utils/interrupt/interrupt_sam_nvic.o
                0x20400000                g_interrupt_enabled
 *fill*         0x20400001        0x3 
 .data.SystemCoreClock
                0x20400004        0x4 src/ASF/sam/utils/cmsis/same70/source/templates/system_same70.o
                0x20400004                SystemCoreClock
 .data._impure_ptr
                0x20400008        0x4 c:/program files (x86)/atmel/studio/7.0/toolchain/arm/arm-gnu-toolchain/bin/../lib/gcc/arm-none-eabi/6.3.1/../../../../arm-none-eabi/lib/thumb/v7e-m\libc.a(lib_a-impure.o)
                0x20400008                _impure_ptr
 *fill*         0x2040000c        0x4 
 .data.impure_data
                0x20400010      0x428 c:/program files (x86)/atmel/studio/7.0/toolchain/arm/arm-gnu-toolchain/bin/../lib/gcc/arm-none-eabi/6.3.1/../../../../arm-none-eabi/lib/thumb/v7e-m\libc.a(lib_a-impure.o)
 .data.__atexit_recursive_mutex
                0x20400438        0x4 c:/program files (x86)/atmel/studio/7.0/toolchain/arm/arm-gnu-toolchain/bin/../lib/gcc/arm-none-eabi/6.3.1/../../../../arm-none-eabi/lib/thumb/v7e-m\libc.a(lib_a-__call_atexit.o)
                0x20400438                __atexit_recursive_mutex
 .data.__malloc_av_
                0x2040043c      0x408 c:/program files (x86)/atmel/studio/7.0/toolchain/arm/arm-gnu-toolchain/bin/../lib/gcc/arm-none-eabi/6.3.1/../../../../arm-none-eabi/lib/thumb/v7e-m\libc.a(lib_a-mallocr.o)
                0x2040043c                __malloc_av_
 .data.__malloc_sbrk_base
                0x20400844        0x4 c:/program files (x86)/atmel/studio/7.0/toolchain/arm/arm-gnu-toolchain/bin/../lib/gcc/arm-none-eabi/6.3.1/../../../../arm-none-eabi/lib/thumb/v7e-m\libc.a(lib_a-mallocr.o)
                0x20400844                __malloc_sbrk_base
 .data.__malloc_trim_threshold
                0x20400848        0x4 c:/program files (x86)/atmel/studio/7.0/toolchain/arm/arm-gnu-toolchain/bin/../lib/gcc/arm-none-eabi/6.3.1/../../../../arm-none-eabi/lib/thumb/v7e-m\libc.a(lib_a-mallocr.o)
                0x20400848                __malloc_trim_threshold
 .data.__global_locale
                0x2040084c      0x16c c:/program files (x86)/atmel/studio/7.0/toolchain/arm/arm-gnu-toolchain/bin/../lib/gcc/arm-none-eabi/6.3.1/../../../../arm-none-eabi/lib/thumb/v7e-m\libc.a(lib_a-locale.o)
                0x2040084c                __global_locale
                0x204009b8                . = ALIGN (0x4)
                0x204009b8                _erelocate = .

.bss            0x204009b8      0x4c0 load address 0x0044fe74
                0x204009b8                . = ALIGN (0x4)
                0x204009b8                _sbss = .
                0x204009b8                _szero = .
 *(.bss .bss.*)
 .bss           0x204009b8       0x1c c:/program files (x86)/atmel/studio/7.0/toolchain/arm/arm-gnu-toolchain/bin/../lib/gcc/arm-none-eabi/6.3.1/thumb/v7e-m/crtbegin.o
 .bss.pulse     0x204009d4        0x1 src/main.o
                0x204009d4                pulse
 *fill*         0x204009d5        0x3 
 .bss.g_ul_pixel_cache
                0x204009d8      0x3c0 src/ASF/sam/components/display/ili9488/ili9488.o
 .bss.gs_interrupt_sources
                0x20400d98       0x70 src/ASF/sam/drivers/pio/pio_handler.o
 .bss.heap.6420
                0x20400e08        0x4 src/ASF/sam/utils/syscalls/gcc/syscalls.o
 .bss.__malloc_current_mallinfo
                0x20400e0c       0x28 c:/program files (x86)/atmel/studio/7.0/toolchain/arm/arm-gnu-toolchain/bin/../lib/gcc/arm-none-eabi/6.3.1/../../../../arm-none-eabi/lib/thumb/v7e-m\libc.a(lib_a-mallocr.o)
                0x20400e0c                __malloc_current_mallinfo
 .bss.__malloc_max_sbrked_mem
                0x20400e34        0x4 c:/program files (x86)/atmel/studio/7.0/toolchain/arm/arm-gnu-toolchain/bin/../lib/gcc/arm-none-eabi/6.3.1/../../../../arm-none-eabi/lib/thumb/v7e-m\libc.a(lib_a-mallocr.o)
                0x20400e34                __malloc_max_sbrked_mem
 .bss.__malloc_max_total_mem
                0x20400e38        0x4 c:/program files (x86)/atmel/studio/7.0/toolchain/arm/arm-gnu-toolchain/bin/../lib/gcc/arm-none-eabi/6.3.1/../../../../arm-none-eabi/lib/thumb/v7e-m\libc.a(lib_a-mallocr.o)
                0x20400e38                __malloc_max_total_mem
 .bss.__malloc_top_pad
                0x20400e3c        0x4 c:/program files (x86)/atmel/studio/7.0/toolchain/arm/arm-gnu-toolchain/bin/../lib/gcc/arm-none-eabi/6.3.1/../../../../arm-none-eabi/lib/thumb/v7e-m\libc.a(lib_a-mallocr.o)
                0x20400e3c                __malloc_top_pad
 *(COMMON)
 COMMON         0x20400e40       0x10 src/main.o
                0x20400e40                g_ili9488_display_opt
 COMMON         0x20400e50       0x21 c:/program files (x86)/atmel/studio/7.0/toolchain/arm/arm-gnu-toolchain/bin/../lib/gcc/arm-none-eabi/6.3.1/../../../../arm-none-eabi/lib/thumb/v7e-m\libc.a(lib_a-lock.o)
                0x20400e50                __lock___atexit_recursive_mutex
                0x20400e54                __lock___arc4random_mutex
                0x20400e58                __lock___env_recursive_mutex
                0x20400e5c                __lock___sinit_recursive_mutex
                0x20400e60                __lock___malloc_recursive_mutex
                0x20400e64                __lock___at_quick_exit_mutex
                0x20400e68                __lock___dd_hash_mutex
                0x20400e6c                __lock___tz_mutex
                0x20400e70                __lock___sfp_recursive_mutex
 *fill*         0x20400e71        0x3 
 COMMON         0x20400e74        0x4 c:/program files (x86)/atmel/studio/7.0/toolchain/arm/arm-gnu-toolchain/bin/../lib/gcc/arm-none-eabi/6.3.1/../../../../arm-none-eabi/lib/thumb/v7e-m\libc.a(lib_a-reent.o)
                0x20400e74                errno
                0x20400e78                . = ALIGN (0x4)
                0x20400e78                _ebss = .
                0x20400e78                _ezero = .

.stack          0x20400e78     0x2000 load address 0x00450334
                0x20400e78                . = ALIGN (0x8)
                0x20400e78                _sstack = .
                0x20402e78                . = (. + STACK_SIZE)
 *fill*         0x20400e78     0x2000 
                0x20402e78                . = ALIGN (0x8)
                0x20402e78                _estack = .

.heap           0x20402e78      0x200 load address 0x00452334
                0x20402e78                . = ALIGN (0x8)
                0x20402e78                _sheap = .
                0x20403078                . = (. + HEAP_SIZE)
 *fill*         0x20402e78      0x200 
                0x20403078                . = ALIGN (0x8)
                0x20403078                _eheap = .
                0x20403078                . = ALIGN (0x4)
                0x20403078                _end = .
                0x2045ffff                _ram_end_ = ((ORIGIN (ram) + LENGTH (ram)) - 0x1)
OUTPUT(SAME70_FONTS.elf elf32-littlearm)

.ARM.attributes
                0x00000000       0x2e
 .ARM.attributes
                0x00000000       0x1e c:/program files (x86)/atmel/studio/7.0/toolchain/arm/arm-gnu-toolchain/bin/../lib/gcc/arm-none-eabi/6.3.1/thumb/v7e-m/crti.o
 .ARM.attributes
                0x0000001e       0x2e c:/program files (x86)/atmel/studio/7.0/toolchain/arm/arm-gnu-toolchain/bin/../lib/gcc/arm-none-eabi/6.3.1/thumb/v7e-m/crtbegin.o
 .ARM.attributes
                0x0000004c       0x37 src/ASF/sam/drivers/rtc/rtc.o
 .ARM.attributes
                0x00000083       0x37 src/ASF/sam/drivers/rtt/rtt.o
 .ARM.attributes
                0x000000ba       0x37 src/main.o
 .ARM.attributes
                0x000000f1       0x37 src/ASF/common/services/spi/sam_spi/spi_master.o
 .ARM.attributes
                0x00000128       0x37 src/ASF/sam/components/display/ili9488/ili9488.o
 .ARM.attributes
                0x0000015f       0x37 src/ASF/sam/drivers/spi/spi.o
 .ARM.attributes
                0x00000196       0x37 src/ASF/common/services/clock/same70/sysclk.o
 .ARM.attributes
                0x000001cd       0x37 src/ASF/common/utils/interrupt/interrupt_sam_nvic.o
 .ARM.attributes
                0x00000204       0x37 src/ASF/sam/boards/same70_xplained/init.o
 .ARM.attributes
                0x0000023b       0x37 src/ASF/sam/drivers/pio/pio.o
 .ARM.attributes
                0x00000272       0x37 src/ASF/sam/drivers/pio/pio_handler.o
 .ARM.attributes
                0x000002a9       0x37 src/ASF/sam/drivers/pmc/pmc.o
 .ARM.attributes
                0x000002e0       0x37 src/ASF/sam/utils/cmsis/same70/source/templates/gcc/startup_same70.o
 .ARM.attributes
                0x00000317       0x37 src/ASF/sam/utils/cmsis/same70/source/templates/system_same70.o
 .ARM.attributes
                0x0000034e       0x37 src/ASF/sam/utils/syscalls/gcc/syscalls.o
 .ARM.attributes
                0x00000385       0x1e c:/program files (x86)/atmel/studio/7.0/toolchain/arm/arm-gnu-toolchain/bin/../lib/gcc/arm-none-eabi/6.3.1/thumb/v7e-m\libgcc.a(_arm_addsubdf3.o)
 .ARM.attributes
                0x000003a3       0x1e c:/program files (x86)/atmel/studio/7.0/toolchain/arm/arm-gnu-toolchain/bin/../lib/gcc/arm-none-eabi/6.3.1/thumb/v7e-m\libgcc.a(_arm_muldivdf3.o)
 .ARM.attributes
                0x000003c1       0x1e c:/program files (x86)/atmel/studio/7.0/toolchain/arm/arm-gnu-toolchain/bin/../lib/gcc/arm-none-eabi/6.3.1/thumb/v7e-m\libgcc.a(_arm_truncdfsf2.o)
 .ARM.attributes
                0x000003df       0x2e c:/program files (x86)/atmel/studio/7.0/toolchain/arm/arm-gnu-toolchain/bin/../lib/gcc/arm-none-eabi/6.3.1/../../../../arm-none-eabi/lib/thumb/v7e-m\libc.a(lib_a-impure.o)
 .ARM.attributes
                0x0000040d       0x2e c:/program files (x86)/atmel/studio/7.0/toolchain/arm/arm-gnu-toolchain/bin/../lib/gcc/arm-none-eabi/6.3.1/../../../../arm-none-eabi/lib/thumb/v7e-m\libc.a(lib_a-init.o)
 .ARM.attributes
                0x0000043b       0x2e c:/program files (x86)/atmel/studio/7.0/toolchain/arm/arm-gnu-toolchain/bin/../lib/gcc/arm-none-eabi/6.3.1/../../../../arm-none-eabi/lib/thumb/v7e-m\libc.a(lib_a-memset.o)
 .ARM.attributes
                0x00000469       0x2e c:/program files (x86)/atmel/studio/7.0/toolchain/arm/arm-gnu-toolchain/bin/../lib/gcc/arm-none-eabi/6.3.1/../../../../arm-none-eabi/lib/thumb/v7e-m\libc.a(lib_a-sprintf.o)
 .ARM.attributes
                0x00000497       0x2e c:/program files (x86)/atmel/studio/7.0/toolchain/arm/arm-gnu-toolchain/bin/../lib/gcc/arm-none-eabi/6.3.1/../../../../arm-none-eabi/lib/thumb/v7e-m\libc.a(lib_a-svfprintf.o)
 .ARM.attributes
                0x000004c5       0x2e c:/program files (x86)/atmel/studio/7.0/toolchain/arm/arm-gnu-toolchain/bin/../lib/gcc/arm-none-eabi/6.3.1/../../../../arm-none-eabi/lib/thumb/v7e-m\libc.a(lib_a-__call_atexit.o)
 .ARM.attributes
                0x000004f3       0x2e c:/program files (x86)/atmel/studio/7.0/toolchain/arm/arm-gnu-toolchain/bin/../lib/gcc/arm-none-eabi/6.3.1/../../../../arm-none-eabi/lib/thumb/v7e-m\libc.a(lib_a-atexit.o)
 .ARM.attributes
                0x00000521       0x2e c:/program files (x86)/atmel/studio/7.0/toolchain/arm/arm-gnu-toolchain/bin/../lib/gcc/arm-none-eabi/6.3.1/../../../../arm-none-eabi/lib/thumb/v7e-m\libc.a(lib_a-dtoa.o)
 .ARM.attributes
                0x0000054f       0x2e c:/program files (x86)/atmel/studio/7.0/toolchain/arm/arm-gnu-toolchain/bin/../lib/gcc/arm-none-eabi/6.3.1/../../../../arm-none-eabi/lib/thumb/v7e-m\libc.a(lib_a-fini.o)
 .ARM.attributes
                0x0000057d       0x2e c:/program files (x86)/atmel/studio/7.0/toolchain/arm/arm-gnu-toolchain/bin/../lib/gcc/arm-none-eabi/6.3.1/../../../../arm-none-eabi/lib/thumb/v7e-m\libc.a(lib_a-localeconv.o)
 .ARM.attributes
                0x000005ab       0x2e c:/program files (x86)/atmel/studio/7.0/toolchain/arm/arm-gnu-toolchain/bin/../lib/gcc/arm-none-eabi/6.3.1/../../../../arm-none-eabi/lib/thumb/v7e-m\libc.a(lib_a-lock.o)
 .ARM.attributes
                0x000005d9       0x2e c:/program files (x86)/atmel/studio/7.0/toolchain/arm/arm-gnu-toolchain/bin/../lib/gcc/arm-none-eabi/6.3.1/../../../../arm-none-eabi/lib/thumb/v7e-m\libc.a(lib_a-mallocr.o)
 .ARM.attributes
                0x00000607       0x1c c:/program files (x86)/atmel/studio/7.0/toolchain/arm/arm-gnu-toolchain/bin/../lib/gcc/arm-none-eabi/6.3.1/../../../../arm-none-eabi/lib/thumb/v7e-m\libc.a(lib_a-memchr.o)
 .ARM.attributes
                0x00000623       0x1c c:/program files (x86)/atmel/studio/7.0/toolchain/arm/arm-gnu-toolchain/bin/../lib/gcc/arm-none-eabi/6.3.1/../../../../arm-none-eabi/lib/thumb/v7e-m\libc.a(lib_a-memcpy.o)
 .ARM.attributes
                0x0000063f       0x2e c:/program files (x86)/atmel/studio/7.0/toolchain/arm/arm-gnu-toolchain/bin/../lib/gcc/arm-none-eabi/6.3.1/../../../../arm-none-eabi/lib/thumb/v7e-m\libc.a(lib_a-mlock.o)
 .ARM.attributes
                0x0000066d       0x2e c:/program files (x86)/atmel/studio/7.0/toolchain/arm/arm-gnu-toolchain/bin/../lib/gcc/arm-none-eabi/6.3.1/../../../../arm-none-eabi/lib/thumb/v7e-m\libc.a(lib_a-mprec.o)
 .ARM.attributes
                0x0000069b       0x2e c:/program files (x86)/atmel/studio/7.0/toolchain/arm/arm-gnu-toolchain/bin/../lib/gcc/arm-none-eabi/6.3.1/../../../../arm-none-eabi/lib/thumb/v7e-m\libc.a(lib_a-sbrkr.o)
 .ARM.attributes
                0x000006c9       0x1c c:/program files (x86)/atmel/studio/7.0/toolchain/arm/arm-gnu-toolchain/bin/../lib/gcc/arm-none-eabi/6.3.1/../../../../arm-none-eabi/lib/thumb/v7e-m\libc.a(lib_a-strlen.o)
 .ARM.attributes
                0x000006e5       0x2e c:/program files (x86)/atmel/studio/7.0/toolchain/arm/arm-gnu-toolchain/bin/../lib/gcc/arm-none-eabi/6.3.1/../../../../arm-none-eabi/lib/thumb/v7e-m\libc.a(lib_a-svfiprintf.o)
 .ARM.attributes
                0x00000713       0x2e c:/program files (x86)/atmel/studio/7.0/toolchain/arm/arm-gnu-toolchain/bin/../lib/gcc/arm-none-eabi/6.3.1/../../../../arm-none-eabi/lib/thumb/v7e-m\libc.a(lib_a-__atexit.o)
 .ARM.attributes
                0x00000741       0x2e c:/program files (x86)/atmel/studio/7.0/toolchain/arm/arm-gnu-toolchain/bin/../lib/gcc/arm-none-eabi/6.3.1/../../../../arm-none-eabi/lib/thumb/v7e-m\libc.a(lib_a-callocr.o)
 .ARM.attributes
                0x0000076f       0x2e c:/program files (x86)/atmel/studio/7.0/toolchain/arm/arm-gnu-toolchain/bin/../lib/gcc/arm-none-eabi/6.3.1/../../../../arm-none-eabi/lib/thumb/v7e-m\libc.a(lib_a-freer.o)
 .ARM.attributes
                0x0000079d       0x2e c:/program files (x86)/atmel/studio/7.0/toolchain/arm/arm-gnu-toolchain/bin/../lib/gcc/arm-none-eabi/6.3.1/../../../../arm-none-eabi/lib/thumb/v7e-m\libc.a(lib_a-locale.o)
 .ARM.attributes
                0x000007cb       0x2e c:/program files (x86)/atmel/studio/7.0/toolchain/arm/arm-gnu-toolchain/bin/../lib/gcc/arm-none-eabi/6.3.1/../../../../arm-none-eabi/lib/thumb/v7e-m\libc.a(lib_a-mbtowc_r.o)
 .ARM.attributes
                0x000007f9       0x2e c:/program files (x86)/atmel/studio/7.0/toolchain/arm/arm-gnu-toolchain/bin/../lib/gcc/arm-none-eabi/6.3.1/../../../../arm-none-eabi/lib/thumb/v7e-m\libc.a(lib_a-memmove.o)
 .ARM.attributes
                0x00000827       0x2e c:/program files (x86)/atmel/studio/7.0/toolchain/arm/arm-gnu-toolchain/bin/../lib/gcc/arm-none-eabi/6.3.1/../../../../arm-none-eabi/lib/thumb/v7e-m\libc.a(lib_a-reallocr.o)
 .ARM.attributes
                0x00000855       0x2e c:/program files (x86)/atmel/studio/7.0/toolchain/arm/arm-gnu-toolchain/bin/../lib/gcc/arm-none-eabi/6.3.1/../../../../arm-none-eabi/lib/thumb/v7e-m\libc.a(lib_a-reent.o)
 .ARM.attributes
                0x00000883       0x2e c:/program files (x86)/atmel/studio/7.0/toolchain/arm/arm-gnu-toolchain/bin/../lib/gcc/arm-none-eabi/6.3.1/../../../../arm-none-eabi/lib/thumb/v7e-m\libc.a(lib_a-wctomb_r.o)
 .ARM.attributes
                0x000008b1       0x2e c:/program files (x86)/atmel/studio/7.0/toolchain/arm/arm-gnu-toolchain/bin/../lib/gcc/arm-none-eabi/6.3.1/../../../../arm-none-eabi/lib/thumb/v7e-m\libc.a(lib_a-ctype_.o)
 .ARM.attributes
                0x000008df       0x1e c:/program files (x86)/atmel/studio/7.0/toolchain/arm/arm-gnu-toolchain/bin/../lib/gcc/arm-none-eabi/6.3.1/thumb/v7e-m\libgcc.a(_arm_cmpdf2.o)
 .ARM.attributes
                0x000008fd       0x1e c:/program files (x86)/atmel/studio/7.0/toolchain/arm/arm-gnu-toolchain/bin/../lib/gcc/arm-none-eabi/6.3.1/thumb/v7e-m\libgcc.a(_arm_unorddf2.o)
 .ARM.attributes
                0x0000091b       0x1e c:/program files (x86)/atmel/studio/7.0/toolchain/arm/arm-gnu-toolchain/bin/../lib/gcc/arm-none-eabi/6.3.1/thumb/v7e-m\libgcc.a(_arm_fixdfsi.o)
 .ARM.attributes
                0x00000939       0x1e c:/program files (x86)/atmel/studio/7.0/toolchain/arm/arm-gnu-toolchain/bin/../lib/gcc/arm-none-eabi/6.3.1/thumb/v7e-m\libgcc.a(_aeabi_uldivmod.o)
 .ARM.attributes
                0x00000957       0x2e c:/program files (x86)/atmel/studio/7.0/toolchain/arm/arm-gnu-toolchain/bin/../lib/gcc/arm-none-eabi/6.3.1/thumb/v7e-m\libgcc.a(_udivmoddi4.o)
 .ARM.attributes
                0x00000985       0x1e c:/program files (x86)/atmel/studio/7.0/toolchain/arm/arm-gnu-toolchain/bin/../lib/gcc/arm-none-eabi/6.3.1/thumb/v7e-m\libgcc.a(_dvmd_tls.o)
 .ARM.attributes
                0x000009a3       0x1e c:/program files (x86)/atmel/studio/7.0/toolchain/arm/arm-gnu-toolchain/bin/../lib/gcc/arm-none-eabi/6.3.1/thumb/v7e-m/crtn.o

.comment        0x00000000       0x59
 .comment       0x00000000       0x59 src/ASF/sam/drivers/rtc/rtc.o
                                 0x5a (size before relaxing)
 .comment       0x00000059       0x5a src/ASF/sam/drivers/rtt/rtt.o
 .comment       0x00000059       0x5a src/main.o
 .comment       0x00000059       0x5a src/ASF/common/services/spi/sam_spi/spi_master.o
 .comment       0x00000059       0x5a src/ASF/sam/components/display/ili9488/ili9488.o
 .comment       0x00000059       0x5a src/ASF/sam/drivers/spi/spi.o
 .comment       0x00000059       0x5a src/ASF/common/services/clock/same70/sysclk.o
 .comment       0x00000059       0x5a src/ASF/common/utils/interrupt/interrupt_sam_nvic.o
 .comment       0x00000059       0x5a src/ASF/sam/boards/same70_xplained/init.o
 .comment       0x00000059       0x5a src/ASF/sam/drivers/pio/pio.o
 .comment       0x00000059       0x5a src/ASF/sam/drivers/pio/pio_handler.o
 .comment       0x00000059       0x5a src/ASF/sam/drivers/pmc/pmc.o
 .comment       0x00000059       0x5a src/ASF/sam/utils/cmsis/same70/source/templates/gcc/startup_same70.o
 .comment       0x00000059       0x5a src/ASF/sam/utils/cmsis/same70/source/templates/system_same70.o
 .comment       0x00000059       0x5a src/ASF/sam/utils/syscalls/gcc/syscalls.o

.debug_info     0x00000000    0x14e52
 .debug_info    0x00000000     0x1158 src/ASF/sam/drivers/rtc/rtc.o
 .debug_info    0x00001158      0xcaf src/ASF/sam/drivers/rtt/rtt.o
 .debug_info    0x00001e07     0x2eb4 src/main.o
 .debug_info    0x00004cbb     0x143e src/ASF/common/services/spi/sam_spi/spi_master.o
 .debug_info    0x000060f9     0x208c src/ASF/sam/components/display/ili9488/ili9488.o
 .debug_info    0x00008185     0x1123 src/ASF/sam/drivers/spi/spi.o
 .debug_info    0x000092a8     0x1311 src/ASF/common/services/clock/same70/sysclk.o
 .debug_info    0x0000a5b9      0xb06 src/ASF/common/utils/interrupt/interrupt_sam_nvic.o
 .debug_info    0x0000b0bf     0x1dad src/ASF/sam/boards/same70_xplained/init.o
 .debug_info    0x0000ce6c     0x1ce3 src/ASF/sam/drivers/pio/pio.o
 .debug_info    0x0000eb4f     0x1a74 src/ASF/sam/drivers/pio/pio_handler.o
 .debug_info    0x000105c3     0x1eed src/ASF/sam/drivers/pmc/pmc.o
 .debug_info    0x000124b0     0x1612 src/ASF/sam/utils/cmsis/same70/source/templates/gcc/startup_same70.o
 .debug_info    0x00013ac2      0x5d4 src/ASF/sam/utils/cmsis/same70/source/templates/system_same70.o
 .debug_info    0x00014096      0xdbc src/ASF/sam/utils/syscalls/gcc/syscalls.o

.debug_abbrev   0x00000000     0x2727
 .debug_abbrev  0x00000000      0x257 src/ASF/sam/drivers/rtc/rtc.o
 .debug_abbrev  0x00000257      0x203 src/ASF/sam/drivers/rtt/rtt.o
 .debug_abbrev  0x0000045a      0x326 src/main.o
 .debug_abbrev  0x00000780      0x305 src/ASF/common/services/spi/sam_spi/spi_master.o
 .debug_abbrev  0x00000a85      0x2f4 src/ASF/sam/components/display/ili9488/ili9488.o
 .debug_abbrev  0x00000d79      0x2cf src/ASF/sam/drivers/spi/spi.o
 .debug_abbrev  0x00001048      0x296 src/ASF/common/services/clock/same70/sysclk.o
 .debug_abbrev  0x000012de      0x214 src/ASF/common/utils/interrupt/interrupt_sam_nvic.o
 .debug_abbrev  0x000014f2      0x3f4 src/ASF/sam/boards/same70_xplained/init.o
 .debug_abbrev  0x000018e6      0x296 src/ASF/sam/drivers/pio/pio.o
 .debug_abbrev  0x00001b7c      0x2c9 src/ASF/sam/drivers/pio/pio_handler.o
 .debug_abbrev  0x00001e45      0x2ce src/ASF/sam/drivers/pmc/pmc.o
 .debug_abbrev  0x00002113      0x2e8 src/ASF/sam/utils/cmsis/same70/source/templates/gcc/startup_same70.o
 .debug_abbrev  0x000023fb      0x102 src/ASF/sam/utils/cmsis/same70/source/templates/system_same70.o
 .debug_abbrev  0x000024fd      0x22a src/ASF/sam/utils/syscalls/gcc/syscalls.o

.debug_loc      0x00000000     0x6322
 .debug_loc     0x00000000      0x730 src/ASF/sam/drivers/rtc/rtc.o
 .debug_loc     0x00000730      0x330 src/ASF/sam/drivers/rtt/rtt.o
 .debug_loc     0x00000a60      0x372 src/main.o